******************************************************************************
                  TI ARM Linker PC v20.2.7                     
******************************************************************************
>> Linked Fri May  3 14:53:57 2024

OUTPUT FILE NAME:   <Lab9_RTOS.out>
ENTRY POINT SYMBOL: "_c_int00_noargs"  address: 00003569


MEMORY CONFIGURATION

         name            origin    length      used     unused   attr    fill
----------------------  --------  ---------  --------  --------  ----  --------
  FLASH                 00000000   00040000  0000364e  0003c9b2  R  X
  SRAM                  20000000   00008000  00001308  00006cf8  RW X


SEGMENT ALLOCATION MAP

run origin  load origin   length   init length attrs members
----------  ----------- ---------- ----------- ----- -------
00000000    00000000    00003650   00003650    r-x
  00000000    00000000    0000026c   0000026c    r-- .intvecs
  0000026c    0000026c    0000335e   0000335e    r-x .text
  000035cc    000035cc    0000003c   0000003c    r-- .const
  00003608    00003608    00000048   00000048    r-- .cinit
20000000    20000000    0000130c   00000000    rw-
  20000000    20000000    000010b4   00000000    rw- .bss
  200010b8    200010b8    00000200   00000000    rw- .stack
  200012b8    200012b8    00000054   00000000    rw- .data


SECTION ALLOCATION MAP

 output                                  attributes/
section   page    origin      length       input sections
--------  ----  ----------  ----------   ----------------
.intvecs   0    00000000    0000026c     
                  00000000    0000026c     tm4c123gh6pm_startup_ccs.obj (.intvecs)

.text      0    0000026c    0000335e     
                  0000026c    00001770     tasks.obj (.text)
                  000019dc    00000e36     queue.obj (.text)
                  00002812    00000002     rtsv7M4_T_le_v4SPD16_eabi.lib : div0.asm.obj (.text)
                  00002814    000002b4     port.obj (.text)
                  00002ac8    000001dc     gpio.obj (.text)
                  00002ca4    000001c8     uart0.obj (.text)
                  00002e6c    0000015c     main.obj (.text)
                  00002fc8    0000012a     list.obj (.text)
                  000030f2    00000002     --HOLE-- [fill = 0]
                  000030f4    000000da     portasm.obj (.text)
                  000031ce    00000002     --HOLE-- [fill = 0]
                  000031d0    000000d0     heap_1.obj (.text)
                  000032a0    0000009c     rtsv7M4_T_le_v4SPD16_eabi.lib : memcpy_t2.asm.obj (.text)
                  0000333c    00000096                                   : ull_div_t2.asm.obj (.text)
                  000033d2    0000007a                                   : memset_t2.asm.obj (.text)
                  0000344c    0000006e                                   : ll_div_t2.asm.obj (.text)
                  000034ba    00000068                                   : copy_decompress_lzss.c.obj (.text:decompress:lzss:__TI_decompress_lzss)
                  00003522    00000002     --HOLE-- [fill = 0]
                  00003524    00000044                                   : autoinit.c.obj (.text:__TI_auto_init_nobinit_nopinit:__TI_auto_init_nobinit_nopinit)
                  00003568    00000034                                   : boot_cortex_m.c.obj (.text:_c_int00_noargs:_c_int00_noargs)
                  0000359c    0000000e                                   : copy_decompress_none.c.obj (.text:decompress:none:__TI_decompress_none)
                  000035aa    0000000c                                   : copy_zero_init.c.obj (.text:decompress:ZI:__TI_zero_init)
                  000035b6    0000000c     tm4c123gh6pm_startup_ccs.obj (.text)
                  000035c2    00000004     rtsv7M4_T_le_v4SPD16_eabi.lib : pre_init.c.obj (.text:_system_pre_init)
                  000035c6    00000004                                   : exit.c.obj (.text:abort:abort)

.const     0    000035cc    0000003c     
                  000035cc    00000030     main.obj (.const:.string)
                  000035fc    00000008     port.obj (.const)
                  00003604    00000004     tasks.obj (.const)

.cinit     0    00003608    00000048     
                  00003608    00000020     (.cinit..data.load) [load image, compression = lzss]
                  00003628    0000000c     (__TI_handler_table)
                  00003634    00000004     --HOLE-- [fill = 0]
                  00003638    00000008     (.cinit..bss.load) [load image, compression = zero_init]
                  00003640    00000010     (__TI_cinit_table)

.init_array 
*          0    00000000    00000000     UNINITIALIZED

.bss       0    20000000    000010b4     UNINITIALIZED
                  20000000    00001000     heap_1.obj (.bss:ucHeap)
                  20001000    00000064     tasks.obj (.bss:pxReadyTasksLists)
                  20001064    00000014     tasks.obj (.bss:xDelayedTaskList1)
                  20001078    00000014     tasks.obj (.bss:xDelayedTaskList2)
                  2000108c    00000014     tasks.obj (.bss:xPendingReadyList)
                  200010a0    00000008     tasks.obj (.bss)
                  200010a8    00000004     main.obj (.bss)
                  200010ac    00000004     (.common:xIntegerQueue)
                  200010b0    00000004     (.common:xStringQueue)

.data      0    200012b8    00000054     UNINITIALIZED
                  200012b8    00000030     tasks.obj (.data)
                  200012e8    00000010     main.obj (.data:pcStrings$2)
                  200012f8    0000000c     port.obj (.data)
                  20001304    00000008     heap_1.obj (.data)

.stack     0    200010b8    00000200     UNINITIALIZED
                  200010b8    00000004     rtsv7M4_T_le_v4SPD16_eabi.lib : boot_cortex_m.c.obj (.stack)
                  200010bc    000001fc     --HOLE--

__llvm_prf_cnts 
*          0    20000000    00000000     UNINITIALIZED

MODULE SUMMARY

       Module                         code    ro data   rw data
       ------                         ----    -------   -------
    .\
       tm4c123gh6pm_startup_ccs.obj   12      620       0      
       main.obj                       348     48        28     
    +--+------------------------------+-------+---------+---------+
       Total:                         360     668       28     
                                                               
    .\FreeRTOS\Source\
       tasks.obj                      6000    4         216    
       queue.obj                      3638    0         0      
       list.obj                       298     0         0      
    +--+------------------------------+-------+---------+---------+
       Total:                         9936    4         216    
                                                               
    .\FreeRTOS\Source\portable\CCS\ARM_CM4F\
       port.obj                       692     8         12     
       portasm.obj                    218     0         0      
    +--+------------------------------+-------+---------+---------+
       Total:                         910     8         12     
                                                               
    .\FreeRTOS\Source\portable\MemMang\
       heap_1.obj                     208     0         4104   
    +--+------------------------------+-------+---------+---------+
       Total:                         208     0         4104   
                                                               
    .\MCAL\GPIO\
       gpio.obj                       476     0         0      
    +--+------------------------------+-------+---------+---------+
       Total:                         476     0         0      
                                                               
    .\MCAL\UART\
       uart0.obj                      456     0         0      
    +--+------------------------------+-------+---------+---------+
       Total:                         456     0         0      
                                                               
    C:\ti\ccs1250\ccs\tools\compiler\ti-cgt-arm_20.2.7.LTS\lib\rtsv7M4_T_le_v4SPD16_eabi.lib
       memcpy_t2.asm.obj              156     0         0      
       ull_div_t2.asm.obj             150     0         0      
       memset_t2.asm.obj              122     0         0      
       ll_div_t2.asm.obj              110     0         0      
       copy_decompress_lzss.c.obj     104     0         0      
       autoinit.c.obj                 68      0         0      
       boot_cortex_m.c.obj            52      0         0      
       copy_decompress_none.c.obj     14      0         0      
       copy_zero_init.c.obj           12      0         0      
       exit.c.obj                     4       0         0      
       pre_init.c.obj                 4       0         0      
       div0.asm.obj                   2       0         0      
    +--+------------------------------+-------+---------+---------+
       Total:                         798     0         0      
                                                               
       Stack:                         0       0         512    
       Linker Generated:              0       68        0      
    +--+------------------------------+-------+---------+---------+
       Grand Total:                   13144   748       4872   


LINKER GENERATED COPY TABLES

__TI_cinit_table @ 00003640 records: 2, size/record: 8, table size: 16
	.data: load addr=00003608, load size=00000020 bytes, run addr=200012b8, run size=00000054 bytes, compression=lzss
	.bss: load addr=00003638, load size=00000008 bytes, run addr=20000000, run size=000010b4 bytes, compression=zero_init


LINKER GENERATED HANDLER TABLE

__TI_handler_table @ 00003628 records: 3, size/record: 4, table size: 12
	index: 0, handler: __TI_decompress_lzss
	index: 1, handler: __TI_decompress_none
	index: 2, handler: __TI_zero_init


GLOBAL SYMBOLS: SORTED ALPHABETICALLY BY Name 

address   name                              
-------   ----                              
000035c7  C$$EXIT                           
00002b6d  GPIO_BlueLedOff                   
00002b49  GPIO_BlueLedOn                    
00002b91  GPIO_BlueLedToggle                
00002ac9  GPIO_BuiltinButtonsLedsInit       
00002b79  GPIO_GreenLedOff                  
00002b55  GPIO_GreenLedOn                   
00002b9d  GPIO_GreenLedToggle               
00002ed1  GPIO_PORTF_Handler                
00002b61  GPIO_RedLedOff                    
00002b3d  GPIO_RedLedOn                     
00002b85  GPIO_RedLedToggle                 
00002bbd  GPIO_SW1EdgeTriggeredInterruptInit
00002ba9  GPIO_SW1GetState                  
00002c0b  GPIO_SW2EdgeTriggeredInterruptInit
00002bb3  GPIO_SW2GetState                  
000035b7  ResetISR                          
00002cfb  UART0_Init                        
00002d57  UART0_ReceiveByte                 
00002d3b  UART0_SendByte                    
00002d8d  UART0_SendInteger                 
00002d67  UART0_SendString                  
200012b8  __STACK_END                       
00000200  __STACK_SIZE                      
200012b8  __STACK_TOP                       
00003640  __TI_CINIT_Base                   
00003650  __TI_CINIT_Limit                  
00003628  __TI_Handler_Table_Base           
00003634  __TI_Handler_Table_Limit          
00003525  __TI_auto_init_nobinit_nopinit    
000034bb  __TI_decompress_lzss              
0000359d  __TI_decompress_none              
ffffffff  __TI_pprof_out_hndl               
ffffffff  __TI_prof_data_size               
ffffffff  __TI_prof_data_start              
00000000  __TI_static_base__                
000035ab  __TI_zero_init                    
00002813  __aeabi_idiv0                     
00002813  __aeabi_ldiv0                     
0000344d  __aeabi_ldivmod                   
000033d3  __aeabi_memclr                    
000033d3  __aeabi_memclr4                   
000033d3  __aeabi_memclr8                   
000032a1  __aeabi_memcpy                    
000032a1  __aeabi_memcpy4                   
000032a1  __aeabi_memcpy8                   
000033d5  __aeabi_memset                    
000033d5  __aeabi_memset4                   
000033d5  __aeabi_memset8                   
0000333d  __aeabi_uldivmod                  
ffffffff  __binit__                         
ffffffff  __c_args__                        
UNDEFED   __mpu_init                        
200010b8  __stack                           
20000000  __start___llvm_prf_cnts           
20000000  __stop___llvm_prf_cnts            
00003569  _c_int00_noargs                   
UNDEFED   _system_post_cinit                
000035c3  _system_pre_init                  
000035c7  abort                             
ffffffff  binit                             
00000000  g_pfnVectors                      
00002e6d  main                              
000032a1  memcpy                            
000033db  memset                            
00000867  pcTaskGetName                     
000031d1  pvPortMalloc                      
200012b8  pxCurrentTCB                      
00002815  pxPortInitialiseStack             
000035fc  ulMaxSyscallInterruptPriority     
00003105  ulPortGetIPSR                     
000010e1  ulTaskGenericNotifyTake           
000018f5  ulTaskGenericNotifyValueClear     
000030ab  uxListRemove                      
00002525  uxQueueMessagesWaiting            
00002583  uxQueueMessagesWaitingFromISR     
0000254f  uxQueueSpacesAvailable            
00000861  uxTaskGetNumberOfTasks            
000010bf  uxTaskResetEventItemValue         
00003604  uxTopUsedPriority                 
00002fc9  vListInitialise                   
00002ff9  vListInitialiseItem               
00003045  vListInsert                       
00003009  vListInsertEnd                    
00002f29  vPeriodicTask                     
000031c1  vPortEnableVFP                    
00002959  vPortEndScheduler                 
0000297d  vPortEnterCritical                
000029bf  vPortExitCritical                 
0000325d  vPortFree                         
00003281  vPortInitialiseBlocks             
0000317d  vPortSVCHandler                   
00002a11  vPortSetupTimerInterrupt          
0000319d  vPortStartFirstTask               
00002a2b  vPortValidateInterruptPriority    
000025ad  vQueueDelete                      
00002f6f  vStringPrinterTask                
00000593  vTaskDelay                        
0000064f  vTaskEndScheduler                 
000016dd  vTaskGenericNotifyGiveFromISR     
00000f3d  vTaskInternalSetTimeOutState      
00001001  vTaskMissedYield                  
00000b81  vTaskPlaceOnEventList             
00000bc1  vTaskPlaceOnUnorderedEventList    
00000dcd  vTaskRemoveFromUnorderedEventList 
00000f0b  vTaskSetTimeOutState              
000005e5  vTaskStartScheduler               
0000066b  vTaskSuspendAll                   
00000af5  vTaskSwitchContext                
200010ac  xIntegerQueue                     
00003289  xPortGetFreeHeapSize              
0000311d  xPortPendSVHandler                
000028a1  xPortStartScheduler               
000029eb  xPortSysTickHandler               
00001add  xQueueGenericCreate               
000019dd  xQueueGenericReset                
00001b99  xQueueGenericSend                 
00001d2b  xQueueGenericSendFromISR          
00001e63  xQueueGiveFromISR                 
0000277f  xQueueIsQueueEmptyFromISR         
000027d9  xQueueIsQueueFullFromISR          
00002215  xQueuePeek                        
00002473  xQueuePeekFromISR                 
00001f81  xQueueReceive                     
0000236d  xQueueReceiveFromISR              
000020d3  xQueueSemaphoreTake               
200010b0  xStringQueue                      
000008ad  xTaskCatchUpTicks                 
00000f61  xTaskCheckForTimeOut              
0000026d  xTaskCreate                       
000004b9  xTaskDelayUntil                   
000012a1  xTaskGenericNotify                
00001487  xTaskGenericNotifyFromISR         
0000188d  xTaskGenericNotifyStateClear      
000011a1  xTaskGenericNotifyWait            
000010af  xTaskGetCurrentTaskHandle         
0000083d  xTaskGetTickCount                 
0000084d  xTaskGetTickCountFromISR          
00000919  xTaskIncrementTick                
00000c6d  xTaskRemoveFromEventList          
00000699  xTaskResumeAll                    


GLOBAL SYMBOLS: SORTED BY Symbol Address 

address   name                              
-------   ----                              
00000000  __TI_static_base__                
00000000  g_pfnVectors                      
00000200  __STACK_SIZE                      
0000026d  xTaskCreate                       
000004b9  xTaskDelayUntil                   
00000593  vTaskDelay                        
000005e5  vTaskStartScheduler               
0000064f  vTaskEndScheduler                 
0000066b  vTaskSuspendAll                   
00000699  xTaskResumeAll                    
0000083d  xTaskGetTickCount                 
0000084d  xTaskGetTickCountFromISR          
00000861  uxTaskGetNumberOfTasks            
00000867  pcTaskGetName                     
000008ad  xTaskCatchUpTicks                 
00000919  xTaskIncrementTick                
00000af5  vTaskSwitchContext                
00000b81  vTaskPlaceOnEventList             
00000bc1  vTaskPlaceOnUnorderedEventList    
00000c6d  xTaskRemoveFromEventList          
00000dcd  vTaskRemoveFromUnorderedEventList 
00000f0b  vTaskSetTimeOutState              
00000f3d  vTaskInternalSetTimeOutState      
00000f61  xTaskCheckForTimeOut              
00001001  vTaskMissedYield                  
000010af  xTaskGetCurrentTaskHandle         
000010bf  uxTaskResetEventItemValue         
000010e1  ulTaskGenericNotifyTake           
000011a1  xTaskGenericNotifyWait            
000012a1  xTaskGenericNotify                
00001487  xTaskGenericNotifyFromISR         
000016dd  vTaskGenericNotifyGiveFromISR     
0000188d  xTaskGenericNotifyStateClear      
000018f5  ulTaskGenericNotifyValueClear     
000019dd  xQueueGenericReset                
00001add  xQueueGenericCreate               
00001b99  xQueueGenericSend                 
00001d2b  xQueueGenericSendFromISR          
00001e63  xQueueGiveFromISR                 
00001f81  xQueueReceive                     
000020d3  xQueueSemaphoreTake               
00002215  xQueuePeek                        
0000236d  xQueueReceiveFromISR              
00002473  xQueuePeekFromISR                 
00002525  uxQueueMessagesWaiting            
0000254f  uxQueueSpacesAvailable            
00002583  uxQueueMessagesWaitingFromISR     
000025ad  vQueueDelete                      
0000277f  xQueueIsQueueEmptyFromISR         
000027d9  xQueueIsQueueFullFromISR          
00002813  __aeabi_idiv0                     
00002813  __aeabi_ldiv0                     
00002815  pxPortInitialiseStack             
000028a1  xPortStartScheduler               
00002959  vPortEndScheduler                 
0000297d  vPortEnterCritical                
000029bf  vPortExitCritical                 
000029eb  xPortSysTickHandler               
00002a11  vPortSetupTimerInterrupt          
00002a2b  vPortValidateInterruptPriority    
00002ac9  GPIO_BuiltinButtonsLedsInit       
00002b3d  GPIO_RedLedOn                     
00002b49  GPIO_BlueLedOn                    
00002b55  GPIO_GreenLedOn                   
00002b61  GPIO_RedLedOff                    
00002b6d  GPIO_BlueLedOff                   
00002b79  GPIO_GreenLedOff                  
00002b85  GPIO_RedLedToggle                 
00002b91  GPIO_BlueLedToggle                
00002b9d  GPIO_GreenLedToggle               
00002ba9  GPIO_SW1GetState                  
00002bb3  GPIO_SW2GetState                  
00002bbd  GPIO_SW1EdgeTriggeredInterruptInit
00002c0b  GPIO_SW2EdgeTriggeredInterruptInit
00002cfb  UART0_Init                        
00002d3b  UART0_SendByte                    
00002d57  UART0_ReceiveByte                 
00002d67  UART0_SendString                  
00002d8d  UART0_SendInteger                 
00002e6d  main                              
00002ed1  GPIO_PORTF_Handler                
00002f29  vPeriodicTask                     
00002f6f  vStringPrinterTask                
00002fc9  vListInitialise                   
00002ff9  vListInitialiseItem               
00003009  vListInsertEnd                    
00003045  vListInsert                       
000030ab  uxListRemove                      
00003105  ulPortGetIPSR                     
0000311d  xPortPendSVHandler                
0000317d  vPortSVCHandler                   
0000319d  vPortStartFirstTask               
000031c1  vPortEnableVFP                    
000031d1  pvPortMalloc                      
0000325d  vPortFree                         
00003281  vPortInitialiseBlocks             
00003289  xPortGetFreeHeapSize              
000032a1  __aeabi_memcpy                    
000032a1  __aeabi_memcpy4                   
000032a1  __aeabi_memcpy8                   
000032a1  memcpy                            
0000333d  __aeabi_uldivmod                  
000033d3  __aeabi_memclr                    
000033d3  __aeabi_memclr4                   
000033d3  __aeabi_memclr8                   
000033d5  __aeabi_memset                    
000033d5  __aeabi_memset4                   
000033d5  __aeabi_memset8                   
000033db  memset                            
0000344d  __aeabi_ldivmod                   
000034bb  __TI_decompress_lzss              
00003525  __TI_auto_init_nobinit_nopinit    
00003569  _c_int00_noargs                   
0000359d  __TI_decompress_none              
000035ab  __TI_zero_init                    
000035b7  ResetISR                          
000035c3  _system_pre_init                  
000035c7  C$$EXIT                           
000035c7  abort                             
000035fc  ulMaxSyscallInterruptPriority     
00003604  uxTopUsedPriority                 
00003628  __TI_Handler_Table_Base           
00003634  __TI_Handler_Table_Limit          
00003640  __TI_CINIT_Base                   
00003650  __TI_CINIT_Limit                  
20000000  __start___llvm_prf_cnts           
20000000  __stop___llvm_prf_cnts            
200010ac  xIntegerQueue                     
200010b0  xStringQueue                      
200010b8  __stack                           
200012b8  __STACK_END                       
200012b8  __STACK_TOP                       
200012b8  pxCurrentTCB                      
ffffffff  __TI_pprof_out_hndl               
ffffffff  __TI_prof_data_size               
ffffffff  __TI_prof_data_start              
ffffffff  __binit__                         
ffffffff  __c_args__                        
ffffffff  binit                             
UNDEFED   __mpu_init                        
UNDEFED   _system_post_cinit                

[141 symbols]
