<?xml version="1.0" encoding="ISO-8859-1" ?>
<link_info>
   <banner>TI ARM Linker PC v20.2.7.LTS</banner>
   <copyright>Copyright (c) 1996-2018 Texas Instruments Incorporated</copyright>
   <link_time>0x6634d055</link_time>
   <link_errors>0x0</link_errors>
   <output_file>Lab9_RTOS.out</output_file>
   <entry_point>
      <name>_c_int00_noargs</name>
      <address>0x3569</address>
   </entry_point>
   <input_file_list>
      <input_file id="fl-2">
         <path>.\</path>
         <kind>object</kind>
         <file>main.obj</file>
         <name>main.obj</name>
      </input_file>
      <input_file id="fl-3">
         <path>.\</path>
         <kind>object</kind>
         <file>tm4c123gh6pm_startup_ccs.obj</file>
         <name>tm4c123gh6pm_startup_ccs.obj</name>
      </input_file>
      <input_file id="fl-4">
         <path>.\FreeRTOS\Source\</path>
         <kind>object</kind>
         <file>event_groups.obj</file>
         <name>event_groups.obj</name>
      </input_file>
      <input_file id="fl-5">
         <path>.\FreeRTOS\Source\</path>
         <kind>object</kind>
         <file>list.obj</file>
         <name>list.obj</name>
      </input_file>
      <input_file id="fl-6">
         <path>.\FreeRTOS\Source\</path>
         <kind>object</kind>
         <file>queue.obj</file>
         <name>queue.obj</name>
      </input_file>
      <input_file id="fl-7">
         <path>.\FreeRTOS\Source\</path>
         <kind>object</kind>
         <file>tasks.obj</file>
         <name>tasks.obj</name>
      </input_file>
      <input_file id="fl-8">
         <path>.\FreeRTOS\Source\</path>
         <kind>object</kind>
         <file>timers.obj</file>
         <name>timers.obj</name>
      </input_file>
      <input_file id="fl-9">
         <path>.\FreeRTOS\Source\portable\CCS\ARM_CM4F\</path>
         <kind>object</kind>
         <file>port.obj</file>
         <name>port.obj</name>
      </input_file>
      <input_file id="fl-a">
         <path>.\FreeRTOS\Source\portable\CCS\ARM_CM4F\</path>
         <kind>object</kind>
         <file>portasm.obj</file>
         <name>portasm.obj</name>
      </input_file>
      <input_file id="fl-b">
         <path>.\FreeRTOS\Source\portable\MemMang\</path>
         <kind>object</kind>
         <file>heap_1.obj</file>
         <name>heap_1.obj</name>
      </input_file>
      <input_file id="fl-c">
         <path>.\MCAL\GPIO\</path>
         <kind>object</kind>
         <file>gpio.obj</file>
         <name>gpio.obj</name>
      </input_file>
      <input_file id="fl-d">
         <path>.\MCAL\UART\</path>
         <kind>object</kind>
         <file>uart0.obj</file>
         <name>uart0.obj</name>
      </input_file>
      <input_file id="fl-11">
         <kind>object</kind>
         <file>&lt;internal&gt;</file>
         <name>&lt;internal&gt;</name>
      </input_file>
      <input_file id="fl-c7">
         <path>C:\ti\ccs1250\ccs\tools\compiler\ti-cgt-arm_20.2.7.LTS\lib\</path>
         <kind>archive</kind>
         <file>rtsv7M4_T_le_v4SPD16_eabi.lib</file>
         <name>memcpy_t2.asm.obj</name>
      </input_file>
      <input_file id="fl-c8">
         <path>C:\ti\ccs1250\ccs\tools\compiler\ti-cgt-arm_20.2.7.LTS\lib\</path>
         <kind>archive</kind>
         <file>rtsv7M4_T_le_v4SPD16_eabi.lib</file>
         <name>memset_t2.asm.obj</name>
      </input_file>
      <input_file id="fl-c9">
         <path>C:\ti\ccs1250\ccs\tools\compiler\ti-cgt-arm_20.2.7.LTS\lib\</path>
         <kind>archive</kind>
         <file>rtsv7M4_T_le_v4SPD16_eabi.lib</file>
         <name>ll_div_t2.asm.obj</name>
      </input_file>
      <input_file id="fl-ca">
         <path>C:\ti\ccs1250\ccs\tools\compiler\ti-cgt-arm_20.2.7.LTS\lib\</path>
         <kind>archive</kind>
         <file>rtsv7M4_T_le_v4SPD16_eabi.lib</file>
         <name>ull_div_t2.asm.obj</name>
      </input_file>
      <input_file id="fl-cb">
         <path>C:\ti\ccs1250\ccs\tools\compiler\ti-cgt-arm_20.2.7.LTS\lib\</path>
         <kind>archive</kind>
         <file>rtsv7M4_T_le_v4SPD16_eabi.lib</file>
         <name>copy_zero_init.c.obj</name>
      </input_file>
      <input_file id="fl-cc">
         <path>C:\ti\ccs1250\ccs\tools\compiler\ti-cgt-arm_20.2.7.LTS\lib\</path>
         <kind>archive</kind>
         <file>rtsv7M4_T_le_v4SPD16_eabi.lib</file>
         <name>copy_decompress_none.c.obj</name>
      </input_file>
      <input_file id="fl-cd">
         <path>C:\ti\ccs1250\ccs\tools\compiler\ti-cgt-arm_20.2.7.LTS\lib\</path>
         <kind>archive</kind>
         <file>rtsv7M4_T_le_v4SPD16_eabi.lib</file>
         <name>copy_decompress_lzss.c.obj</name>
      </input_file>
      <input_file id="fl-ce">
         <path>C:\ti\ccs1250\ccs\tools\compiler\ti-cgt-arm_20.2.7.LTS\lib\</path>
         <kind>archive</kind>
         <file>rtsv7M4_T_le_v4SPD16_eabi.lib</file>
         <name>boot_cortex_m.c.obj</name>
      </input_file>
      <input_file id="fl-cf">
         <path>C:\ti\ccs1250\ccs\tools\compiler\ti-cgt-arm_20.2.7.LTS\lib\</path>
         <kind>archive</kind>
         <file>rtsv7M4_T_le_v4SPD16_eabi.lib</file>
         <name>div0.asm.obj</name>
      </input_file>
      <input_file id="fl-d0">
         <path>C:\ti\ccs1250\ccs\tools\compiler\ti-cgt-arm_20.2.7.LTS\lib\</path>
         <kind>archive</kind>
         <file>rtsv7M4_T_le_v4SPD16_eabi.lib</file>
         <name>autoinit.c.obj</name>
      </input_file>
      <input_file id="fl-d1">
         <path>C:\ti\ccs1250\ccs\tools\compiler\ti-cgt-arm_20.2.7.LTS\lib\</path>
         <kind>archive</kind>
         <file>rtsv7M4_T_le_v4SPD16_eabi.lib</file>
         <name>pre_init.c.obj</name>
      </input_file>
      <input_file id="fl-d2">
         <path>C:\ti\ccs1250\ccs\tools\compiler\ti-cgt-arm_20.2.7.LTS\lib\</path>
         <kind>archive</kind>
         <file>rtsv7M4_T_le_v4SPD16_eabi.lib</file>
         <name>cpy_tbl.c.obj</name>
      </input_file>
      <input_file id="fl-d3">
         <path>C:\ti\ccs1250\ccs\tools\compiler\ti-cgt-arm_20.2.7.LTS\lib\</path>
         <kind>archive</kind>
         <file>rtsv7M4_T_le_v4SPD16_eabi.lib</file>
         <name>exit.c.obj</name>
      </input_file>
      <input_file id="fl-d4">
         <path>C:\ti\ccs1250\ccs\tools\compiler\ti-cgt-arm_20.2.7.LTS\lib\</path>
         <kind>archive</kind>
         <file>rtsv7M4_T_le_v4SPD16_eabi.lib</file>
         <name>_lock.c.obj</name>
      </input_file>
      <input_file id="fl-d5">
         <path>C:\ti\ccs1250\ccs\tools\compiler\ti-cgt-arm_20.2.7.LTS\lib\</path>
         <kind>archive</kind>
         <file>rtsv7M4_T_le_v4SPD16_eabi.lib</file>
         <name>args_main.c.obj</name>
      </input_file>
   </input_file_list>
   <object_component_list>
      <object_component id="oc-12">
         <name>.intvecs</name>
         <load_address>0x0</load_address>
         <run_address>0x0</run_address>
         <size>0x26c</size>
         <input_file_ref idref="fl-3"/>
      </object_component>
      <object_component id="oc-85">
         <name>.text</name>
         <load_address>0x26c</load_address>
         <run_address>0x26c</run_address>
         <size>0x1770</size>
         <input_file_ref idref="fl-7"/>
      </object_component>
      <object_component id="oc-a0">
         <name>.text</name>
         <load_address>0x19dc</load_address>
         <run_address>0x19dc</run_address>
         <size>0xe36</size>
         <input_file_ref idref="fl-6"/>
      </object_component>
      <object_component id="oc-1d6">
         <name>.text</name>
         <load_address>0x2812</load_address>
         <run_address>0x2812</run_address>
         <size>0x2</size>
         <input_file_ref idref="fl-cf"/>
      </object_component>
      <object_component id="oc-32">
         <name>.text</name>
         <load_address>0x2814</load_address>
         <run_address>0x2814</run_address>
         <size>0x2b4</size>
         <input_file_ref idref="fl-9"/>
      </object_component>
      <object_component id="oc-a6">
         <name>.text</name>
         <load_address>0x2ac8</load_address>
         <run_address>0x2ac8</run_address>
         <size>0x1dc</size>
         <input_file_ref idref="fl-c"/>
      </object_component>
      <object_component id="oc-ac">
         <name>.text</name>
         <load_address>0x2ca4</load_address>
         <run_address>0x2ca4</run_address>
         <size>0x1c8</size>
         <input_file_ref idref="fl-d"/>
      </object_component>
      <object_component id="oc-38">
         <name>.text</name>
         <load_address>0x2e6c</load_address>
         <run_address>0x2e6c</run_address>
         <size>0x15c</size>
         <input_file_ref idref="fl-2"/>
      </object_component>
      <object_component id="oc-fd">
         <name>.text</name>
         <load_address>0x2fc8</load_address>
         <run_address>0x2fc8</run_address>
         <size>0x12a</size>
         <input_file_ref idref="fl-5"/>
      </object_component>
      <object_component id="oc-2d">
         <name>.text</name>
         <load_address>0x30f4</load_address>
         <run_address>0x30f4</run_address>
         <size>0xda</size>
         <input_file_ref idref="fl-a"/>
      </object_component>
      <object_component id="oc-f7">
         <name>.text</name>
         <load_address>0x31d0</load_address>
         <run_address>0x31d0</run_address>
         <size>0xd0</size>
         <input_file_ref idref="fl-b"/>
      </object_component>
      <object_component id="oc-4c">
         <name>.text</name>
         <load_address>0x32a0</load_address>
         <run_address>0x32a0</run_address>
         <size>0x9c</size>
         <input_file_ref idref="fl-c7"/>
      </object_component>
      <object_component id="oc-1db">
         <name>.text</name>
         <load_address>0x333c</load_address>
         <run_address>0x333c</run_address>
         <size>0x96</size>
         <input_file_ref idref="fl-ca"/>
      </object_component>
      <object_component id="oc-d5">
         <name>.text</name>
         <load_address>0x33d2</load_address>
         <run_address>0x33d2</run_address>
         <size>0x7a</size>
         <input_file_ref idref="fl-c8"/>
      </object_component>
      <object_component id="oc-145">
         <name>.text</name>
         <load_address>0x344c</load_address>
         <run_address>0x344c</run_address>
         <size>0x6e</size>
         <input_file_ref idref="fl-c9"/>
      </object_component>
      <object_component id="oc-15">
         <name>.text:decompress:lzss:__TI_decompress_lzss</name>
         <load_address>0x34ba</load_address>
         <run_address>0x34ba</run_address>
         <size>0x68</size>
         <input_file_ref idref="fl-cd"/>
      </object_component>
      <object_component id="oc-170">
         <name>.text:__TI_auto_init_nobinit_nopinit:__TI_auto_init_nobinit_nopinit</name>
         <load_address>0x3524</load_address>
         <run_address>0x3524</run_address>
         <size>0x44</size>
         <input_file_ref idref="fl-d0"/>
      </object_component>
      <object_component id="oc-6a">
         <name>.text:_c_int00_noargs:_c_int00_noargs</name>
         <load_address>0x3568</load_address>
         <run_address>0x3568</run_address>
         <size>0x34</size>
         <input_file_ref idref="fl-ce"/>
      </object_component>
      <object_component id="oc-1b">
         <name>.text:decompress:none:__TI_decompress_none</name>
         <load_address>0x359c</load_address>
         <run_address>0x359c</run_address>
         <size>0xe</size>
         <input_file_ref idref="fl-cc"/>
      </object_component>
      <object_component id="oc-5e">
         <name>.text:decompress:ZI:__TI_zero_init</name>
         <load_address>0x35aa</load_address>
         <run_address>0x35aa</run_address>
         <size>0xc</size>
         <input_file_ref idref="fl-cb"/>
      </object_component>
      <object_component id="oc-27">
         <name>.text</name>
         <load_address>0x35b6</load_address>
         <run_address>0x35b6</run_address>
         <size>0xc</size>
         <input_file_ref idref="fl-3"/>
      </object_component>
      <object_component id="oc-db">
         <name>.text:_system_pre_init</name>
         <load_address>0x35c2</load_address>
         <run_address>0x35c2</run_address>
         <size>0x4</size>
         <input_file_ref idref="fl-d1"/>
      </object_component>
      <object_component id="oc-164">
         <name>.text:abort:abort</name>
         <load_address>0x35c6</load_address>
         <run_address>0x35c6</run_address>
         <size>0x4</size>
         <input_file_ref idref="fl-d3"/>
      </object_component>
      <object_component id="oc-153">
         <name>.const:.string</name>
         <load_address>0x35cc</load_address>
         <run_address>0x35cc</run_address>
         <size>0x30</size>
         <input_file_ref idref="fl-2"/>
      </object_component>
      <object_component id="oc-82">
         <name>.const</name>
         <load_address>0x35fc</load_address>
         <run_address>0x35fc</run_address>
         <size>0x8</size>
         <input_file_ref idref="fl-9"/>
      </object_component>
      <object_component id="oc-106">
         <name>.const</name>
         <load_address>0x3604</load_address>
         <run_address>0x3604</run_address>
         <size>0x4</size>
         <input_file_ref idref="fl-7"/>
      </object_component>
      <object_component id="oc-274">
         <name>.cinit..data.load</name>
         <load_address>0x3608</load_address>
         <run_address>0x3608</run_address>
         <size>0x20</size>
      </object_component>
      <object_component id="oc-272">
         <name>__TI_handler_table</name>
         <load_address>0x3628</load_address>
         <run_address>0x3628</run_address>
         <size>0xc</size>
      </object_component>
      <object_component id="oc-275">
         <name>.cinit..bss.load</name>
         <load_address>0x3638</load_address>
         <run_address>0x3638</run_address>
         <size>0x8</size>
      </object_component>
      <object_component id="oc-273">
         <name>__TI_cinit_table</name>
         <load_address>0x3640</load_address>
         <run_address>0x3640</run_address>
         <size>0x10</size>
      </object_component>
      <object_component id="oc-b7">
         <name>.data:pcStrings$2</name>
         <load_address>0x200012e8</load_address>
         <run_address>0x200012e8</run_address>
         <size>0x10</size>
         <input_file_ref idref="fl-2"/>
      </object_component>
      <object_component id="oc-7f">
         <name>.data</name>
         <load_address>0x200012b8</load_address>
         <run_address>0x200012b8</run_address>
         <size>0x30</size>
         <input_file_ref idref="fl-7"/>
      </object_component>
      <object_component id="oc-8c">
         <name>.data</name>
         <load_address>0x200012f8</load_address>
         <run_address>0x200012f8</run_address>
         <size>0xc</size>
         <input_file_ref idref="fl-9"/>
      </object_component>
      <object_component id="oc-1b8">
         <name>.data</name>
         <load_address>0x20001304</load_address>
         <run_address>0x20001304</run_address>
         <size>0x8</size>
         <input_file_ref idref="fl-b"/>
      </object_component>
      <object_component id="oc-b6">
         <name>.bss</name>
         <uninitialized>true</uninitialized>
         <run_address>0x200010a8</run_address>
         <size>0x4</size>
         <input_file_ref idref="fl-2"/>
      </object_component>
      <object_component id="oc-103">
         <name>.bss:pxReadyTasksLists</name>
         <uninitialized>true</uninitialized>
         <run_address>0x20001000</run_address>
         <size>0x64</size>
         <input_file_ref idref="fl-7"/>
      </object_component>
      <object_component id="oc-10f">
         <name>.bss:xDelayedTaskList1</name>
         <uninitialized>true</uninitialized>
         <run_address>0x20001064</run_address>
         <size>0x14</size>
         <input_file_ref idref="fl-7"/>
      </object_component>
      <object_component id="oc-112">
         <name>.bss:xDelayedTaskList2</name>
         <uninitialized>true</uninitialized>
         <run_address>0x20001078</run_address>
         <size>0x14</size>
         <input_file_ref idref="fl-7"/>
      </object_component>
      <object_component id="oc-10c">
         <name>.bss</name>
         <uninitialized>true</uninitialized>
         <run_address>0x200010a0</run_address>
         <size>0x8</size>
         <input_file_ref idref="fl-7"/>
      </object_component>
      <object_component id="oc-109">
         <name>.bss:xPendingReadyList</name>
         <uninitialized>true</uninitialized>
         <run_address>0x2000108c</run_address>
         <size>0x14</size>
         <input_file_ref idref="fl-7"/>
      </object_component>
      <object_component id="oc-1bb">
         <name>.bss:ucHeap</name>
         <uninitialized>true</uninitialized>
         <run_address>0x20000000</run_address>
         <size>0x1000</size>
         <input_file_ref idref="fl-b"/>
      </object_component>
      <object_component id="oc-b2">
         <name>.common:xIntegerQueue</name>
         <uninitialized>true</uninitialized>
         <run_address>0x200010ac</run_address>
         <size>0x4</size>
      </object_component>
      <object_component id="oc-b5">
         <name>.common:xStringQueue</name>
         <uninitialized>true</uninitialized>
         <run_address>0x200010b0</run_address>
         <size>0x4</size>
      </object_component>
      <object_component id="oc-24">
         <name>.stack</name>
         <uninitialized>true</uninitialized>
         <run_address>0x200010b8</run_address>
         <size>0x4</size>
         <input_file_ref idref="fl-ce"/>
      </object_component>
      <object_component id="oc-277">
         <name>.stack</name>
         <uninitialized>true</uninitialized>
         <run_address>0x200010b8</run_address>
         <size>0x0</size>
      </object_component>
      <object_component id="oc-b3">
         <name>.debug_info</name>
         <load_address>0x0</load_address>
         <run_address>0x0</run_address>
         <size>0x761</size>
         <input_file_ref idref="fl-2"/>
      </object_component>
      <object_component id="oc-3a">
         <name>.debug_info</name>
         <load_address>0x761</load_address>
         <run_address>0x761</run_address>
         <size>0x55f</size>
         <input_file_ref idref="fl-2"/>
      </object_component>
      <object_component id="oc-11f">
         <name>.debug_info</name>
         <load_address>0xcc0</load_address>
         <run_address>0xcc0</run_address>
         <size>0x30c</size>
         <input_file_ref idref="fl-2"/>
      </object_component>
      <object_component id="oc-bb">
         <name>.debug_info</name>
         <load_address>0xfcc</load_address>
         <run_address>0xfcc</run_address>
         <size>0x26b</size>
         <input_file_ref idref="fl-2"/>
      </object_component>
      <object_component id="oc-129">
         <name>.debug_info</name>
         <load_address>0x1237</load_address>
         <run_address>0x1237</run_address>
         <size>0x3ce</size>
         <input_file_ref idref="fl-2"/>
      </object_component>
      <object_component id="oc-14e">
         <name>.debug_info</name>
         <load_address>0x1605</load_address>
         <run_address>0x1605</run_address>
         <size>0x4f</size>
         <input_file_ref idref="fl-2"/>
      </object_component>
      <object_component id="oc-47">
         <name>.debug_info</name>
         <load_address>0x1654</load_address>
         <run_address>0x1654</run_address>
         <size>0x84</size>
         <input_file_ref idref="fl-2"/>
      </object_component>
      <object_component id="oc-91">
         <name>.debug_info</name>
         <load_address>0x16d8</load_address>
         <run_address>0x16d8</run_address>
         <size>0x2c</size>
         <input_file_ref idref="fl-2"/>
      </object_component>
      <object_component id="oc-12e">
         <name>.debug_info</name>
         <load_address>0x1704</load_address>
         <run_address>0x1704</run_address>
         <size>0x2a4</size>
         <input_file_ref idref="fl-2"/>
      </object_component>
      <object_component id="oc-9b">
         <name>.debug_info</name>
         <load_address>0x19a8</load_address>
         <run_address>0x19a8</run_address>
         <size>0xbb</size>
         <input_file_ref idref="fl-2"/>
      </object_component>
      <object_component id="oc-140">
         <name>.debug_info</name>
         <load_address>0x1a63</load_address>
         <run_address>0x1a63</run_address>
         <size>0xae</size>
         <input_file_ref idref="fl-2"/>
      </object_component>
      <object_component id="oc-11a">
         <name>.debug_info</name>
         <load_address>0x1b11</load_address>
         <run_address>0x1b11</run_address>
         <size>0x53</size>
         <input_file_ref idref="fl-2"/>
      </object_component>
      <object_component id="oc-96">
         <name>.debug_info</name>
         <load_address>0x1b64</load_address>
         <run_address>0x1b64</run_address>
         <size>0x53</size>
         <input_file_ref idref="fl-2"/>
      </object_component>
      <object_component id="oc-124">
         <name>.debug_info</name>
         <load_address>0x1bb7</load_address>
         <run_address>0x1bb7</run_address>
         <size>0x14c</size>
         <input_file_ref idref="fl-2"/>
      </object_component>
      <object_component id="oc-40">
         <name>.debug_info</name>
         <load_address>0x1d03</load_address>
         <run_address>0x1d03</run_address>
         <size>0x36f</size>
         <input_file_ref idref="fl-3"/>
      </object_component>
      <object_component id="oc-13">
         <name>.debug_info</name>
         <load_address>0x2072</load_address>
         <run_address>0x2072</run_address>
         <size>0x102</size>
         <input_file_ref idref="fl-3"/>
      </object_component>
      <object_component id="oc-29">
         <name>.debug_info</name>
         <load_address>0x2174</load_address>
         <run_address>0x2174</run_address>
         <size>0x27e</size>
         <input_file_ref idref="fl-3"/>
      </object_component>
      <object_component id="oc-1d5">
         <name>.debug_info</name>
         <load_address>0x23f2</load_address>
         <run_address>0x23f2</run_address>
         <size>0x656</size>
         <input_file_ref idref="fl-4"/>
      </object_component>
      <object_component id="oc-13a">
         <name>.debug_info</name>
         <load_address>0x2a48</load_address>
         <run_address>0x2a48</run_address>
         <size>0x110</size>
         <input_file_ref idref="fl-4"/>
      </object_component>
      <object_component id="oc-1b3">
         <name>.debug_info</name>
         <load_address>0x2b58</load_address>
         <run_address>0x2b58</run_address>
         <size>0x3ce</size>
         <input_file_ref idref="fl-4"/>
      </object_component>
      <object_component id="oc-20d">
         <name>.debug_info</name>
         <load_address>0x2f26</load_address>
         <run_address>0x2f26</run_address>
         <size>0x62</size>
         <input_file_ref idref="fl-4"/>
      </object_component>
      <object_component id="oc-212">
         <name>.debug_info</name>
         <load_address>0x2f88</load_address>
         <run_address>0x2f88</run_address>
         <size>0x39</size>
         <input_file_ref idref="fl-4"/>
      </object_component>
      <object_component id="oc-1a4">
         <name>.debug_info</name>
         <load_address>0x2fc1</load_address>
         <run_address>0x2fc1</run_address>
         <size>0x4f</size>
         <input_file_ref idref="fl-4"/>
      </object_component>
      <object_component id="oc-1c1">
         <name>.debug_info</name>
         <load_address>0x3010</load_address>
         <run_address>0x3010</run_address>
         <size>0x38d</size>
         <input_file_ref idref="fl-5"/>
      </object_component>
      <object_component id="oc-fe">
         <name>.debug_info</name>
         <load_address>0x339d</load_address>
         <run_address>0x339d</run_address>
         <size>0x50b</size>
         <input_file_ref idref="fl-5"/>
      </object_component>
      <object_component id="oc-139">
         <name>.debug_info</name>
         <load_address>0x38a8</load_address>
         <run_address>0x38a8</run_address>
         <size>0x72c</size>
         <input_file_ref idref="fl-6"/>
      </object_component>
      <object_component id="oc-a2">
         <name>.debug_info</name>
         <load_address>0x3fd4</load_address>
         <run_address>0x3fd4</run_address>
         <size>0x2ab8</size>
         <input_file_ref idref="fl-6"/>
      </object_component>
      <object_component id="oc-1d0">
         <name>.debug_info</name>
         <load_address>0x6a8c</load_address>
         <run_address>0x6a8c</run_address>
         <size>0x1c7</size>
         <input_file_ref idref="fl-6"/>
      </object_component>
      <object_component id="oc-134">
         <name>.debug_info</name>
         <load_address>0x6c53</load_address>
         <run_address>0x6c53</run_address>
         <size>0x46</size>
         <input_file_ref idref="fl-6"/>
      </object_component>
      <object_component id="oc-1a9">
         <name>.debug_info</name>
         <load_address>0x6c99</load_address>
         <run_address>0x6c99</run_address>
         <size>0x35</size>
         <input_file_ref idref="fl-6"/>
      </object_component>
      <object_component id="oc-ef">
         <name>.debug_info</name>
         <load_address>0x6cce</load_address>
         <run_address>0x6cce</run_address>
         <size>0x760</size>
         <input_file_ref idref="fl-7"/>
      </object_component>
      <object_component id="oc-80">
         <name>.debug_info</name>
         <load_address>0x742e</load_address>
         <run_address>0x742e</run_address>
         <size>0x317</size>
         <input_file_ref idref="fl-7"/>
      </object_component>
      <object_component id="oc-104">
         <name>.debug_info</name>
         <load_address>0x7745</load_address>
         <run_address>0x7745</run_address>
         <size>0x109</size>
         <input_file_ref idref="fl-7"/>
      </object_component>
      <object_component id="oc-110">
         <name>.debug_info</name>
         <load_address>0x784e</load_address>
         <run_address>0x784e</run_address>
         <size>0x109</size>
         <input_file_ref idref="fl-7"/>
      </object_component>
      <object_component id="oc-113">
         <name>.debug_info</name>
         <load_address>0x7957</load_address>
         <run_address>0x7957</run_address>
         <size>0x109</size>
         <input_file_ref idref="fl-7"/>
      </object_component>
      <object_component id="oc-10d">
         <name>.debug_info</name>
         <load_address>0x7a60</load_address>
         <run_address>0x7a60</run_address>
         <size>0x14c</size>
         <input_file_ref idref="fl-7"/>
      </object_component>
      <object_component id="oc-10a">
         <name>.debug_info</name>
         <load_address>0x7bac</load_address>
         <run_address>0x7bac</run_address>
         <size>0x109</size>
         <input_file_ref idref="fl-7"/>
      </object_component>
      <object_component id="oc-107">
         <name>.debug_info</name>
         <load_address>0x7cb5</load_address>
         <run_address>0x7cb5</run_address>
         <size>0x10a</size>
         <input_file_ref idref="fl-7"/>
      </object_component>
      <object_component id="oc-86">
         <name>.debug_info</name>
         <load_address>0x7dbf</load_address>
         <run_address>0x7dbf</run_address>
         <size>0x360c</size>
         <input_file_ref idref="fl-7"/>
      </object_component>
      <object_component id="oc-f0">
         <name>.debug_info</name>
         <load_address>0xb3cb</load_address>
         <run_address>0xb3cb</run_address>
         <size>0x303</size>
         <input_file_ref idref="fl-7"/>
      </object_component>
      <object_component id="oc-1ae">
         <name>.debug_info</name>
         <load_address>0xb6ce</load_address>
         <run_address>0xb6ce</run_address>
         <size>0xf1</size>
         <input_file_ref idref="fl-7"/>
      </object_component>
      <object_component id="oc-90">
         <name>.debug_info</name>
         <load_address>0xb7bf</load_address>
         <run_address>0xb7bf</run_address>
         <size>0x474</size>
         <input_file_ref idref="fl-9"/>
      </object_component>
      <object_component id="oc-83">
         <name>.debug_info</name>
         <load_address>0xbc33</load_address>
         <run_address>0xbc33</run_address>
         <size>0x17e</size>
         <input_file_ref idref="fl-9"/>
      </object_component>
      <object_component id="oc-8d">
         <name>.debug_info</name>
         <load_address>0xbdb1</load_address>
         <run_address>0xbdb1</run_address>
         <size>0x189</size>
         <input_file_ref idref="fl-9"/>
      </object_component>
      <object_component id="oc-33">
         <name>.debug_info</name>
         <load_address>0xbf3a</load_address>
         <run_address>0xbf3a</run_address>
         <size>0x915</size>
         <input_file_ref idref="fl-9"/>
      </object_component>
      <object_component id="oc-2e">
         <name>.debug_info</name>
         <load_address>0xc84f</load_address>
         <run_address>0xc84f</run_address>
         <size>0x26b</size>
         <input_file_ref idref="fl-a"/>
      </object_component>
      <object_component id="oc-1bf">
         <name>.debug_info</name>
         <load_address>0xcaba</load_address>
         <run_address>0xcaba</run_address>
         <size>0x426</size>
         <input_file_ref idref="fl-b"/>
      </object_component>
      <object_component id="oc-1bc">
         <name>.debug_info</name>
         <load_address>0xcee0</load_address>
         <run_address>0xcee0</run_address>
         <size>0x104</size>
         <input_file_ref idref="fl-b"/>
      </object_component>
      <object_component id="oc-1b9">
         <name>.debug_info</name>
         <load_address>0xcfe4</load_address>
         <run_address>0xcfe4</run_address>
         <size>0x112</size>
         <input_file_ref idref="fl-b"/>
      </object_component>
      <object_component id="oc-f9">
         <name>.debug_info</name>
         <load_address>0xd0f6</load_address>
         <run_address>0xd0f6</run_address>
         <size>0x422</size>
         <input_file_ref idref="fl-b"/>
      </object_component>
      <object_component id="oc-a8">
         <name>.debug_info</name>
         <load_address>0xd518</load_address>
         <run_address>0xd518</run_address>
         <size>0x6d9</size>
         <input_file_ref idref="fl-c"/>
      </object_component>
      <object_component id="oc-14b">
         <name>.debug_info</name>
         <load_address>0xdbf1</load_address>
         <run_address>0xdbf1</run_address>
         <size>0x283</size>
         <input_file_ref idref="fl-d"/>
      </object_component>
      <object_component id="oc-ad">
         <name>.debug_info</name>
         <load_address>0xde74</load_address>
         <run_address>0xde74</run_address>
         <size>0x483</size>
         <input_file_ref idref="fl-d"/>
      </object_component>
      <object_component id="oc-4d">
         <name>.debug_info</name>
         <load_address>0xe2f7</load_address>
         <run_address>0xe2f7</run_address>
         <size>0x119</size>
         <input_file_ref idref="fl-c7"/>
      </object_component>
      <object_component id="oc-d6">
         <name>.debug_info</name>
         <load_address>0xe410</load_address>
         <run_address>0xe410</run_address>
         <size>0x147</size>
         <input_file_ref idref="fl-c8"/>
      </object_component>
      <object_component id="oc-146">
         <name>.debug_info</name>
         <load_address>0xe557</load_address>
         <run_address>0xe557</run_address>
         <size>0x13f</size>
         <input_file_ref idref="fl-c9"/>
      </object_component>
      <object_component id="oc-1dd">
         <name>.debug_info</name>
         <load_address>0xe696</load_address>
         <run_address>0xe696</run_address>
         <size>0x134</size>
         <input_file_ref idref="fl-ca"/>
      </object_component>
      <object_component id="oc-d4">
         <name>.debug_info</name>
         <load_address>0xe7ca</load_address>
         <run_address>0xe7ca</run_address>
         <size>0x2d4</size>
         <input_file_ref idref="fl-cb"/>
      </object_component>
      <object_component id="oc-61">
         <name>.debug_info</name>
         <load_address>0xea9e</load_address>
         <run_address>0xea9e</run_address>
         <size>0x1b5</size>
         <input_file_ref idref="fl-cb"/>
      </object_component>
      <object_component id="oc-cf">
         <name>.debug_info</name>
         <load_address>0xec53</load_address>
         <run_address>0xec53</run_address>
         <size>0x46</size>
         <input_file_ref idref="fl-cb"/>
      </object_component>
      <object_component id="oc-15b">
         <name>.debug_info</name>
         <load_address>0xec99</load_address>
         <run_address>0xec99</run_address>
         <size>0x2c</size>
         <input_file_ref idref="fl-cb"/>
      </object_component>
      <object_component id="oc-57">
         <name>.debug_info</name>
         <load_address>0xecc5</load_address>
         <run_address>0xecc5</run_address>
         <size>0x2a8</size>
         <input_file_ref idref="fl-cc"/>
      </object_component>
      <object_component id="oc-1c">
         <name>.debug_info</name>
         <load_address>0xef6d</load_address>
         <run_address>0xef6d</run_address>
         <size>0x1ea</size>
         <input_file_ref idref="fl-cc"/>
      </object_component>
      <object_component id="oc-52">
         <name>.debug_info</name>
         <load_address>0xf157</load_address>
         <run_address>0xf157</run_address>
         <size>0x46</size>
         <input_file_ref idref="fl-cc"/>
      </object_component>
      <object_component id="oc-c7">
         <name>.debug_info</name>
         <load_address>0xf19d</load_address>
         <run_address>0xf19d</run_address>
         <size>0x2c</size>
         <input_file_ref idref="fl-cc"/>
      </object_component>
      <object_component id="oc-c5">
         <name>.debug_info</name>
         <load_address>0xf1c9</load_address>
         <run_address>0xf1c9</run_address>
         <size>0x29e</size>
         <input_file_ref idref="fl-cd"/>
      </object_component>
      <object_component id="oc-19">
         <name>.debug_info</name>
         <load_address>0xf467</load_address>
         <run_address>0xf467</run_address>
         <size>0x250</size>
         <input_file_ref idref="fl-cd"/>
      </object_component>
      <object_component id="oc-42">
         <name>.debug_info</name>
         <load_address>0xf6b7</load_address>
         <run_address>0xf6b7</run_address>
         <size>0x60</size>
         <input_file_ref idref="fl-cd"/>
      </object_component>
      <object_component id="oc-154">
         <name>.debug_info</name>
         <load_address>0xf717</load_address>
         <run_address>0xf717</run_address>
         <size>0x46</size>
         <input_file_ref idref="fl-cd"/>
      </object_component>
      <object_component id="oc-c0">
         <name>.debug_info</name>
         <load_address>0xf75d</load_address>
         <run_address>0xf75d</run_address>
         <size>0x39</size>
         <input_file_ref idref="fl-cd"/>
      </object_component>
      <object_component id="oc-25">
         <name>.debug_info</name>
         <load_address>0xf796</load_address>
         <run_address>0xf796</run_address>
         <size>0x10b</size>
         <input_file_ref idref="fl-ce"/>
      </object_component>
      <object_component id="oc-6b">
         <name>.debug_info</name>
         <load_address>0xf8a1</load_address>
         <run_address>0xf8a1</run_address>
         <size>0x1a9</size>
         <input_file_ref idref="fl-ce"/>
      </object_component>
      <object_component id="oc-1d7">
         <name>.debug_info</name>
         <load_address>0xfa4a</load_address>
         <run_address>0xfa4a</run_address>
         <size>0x115</size>
         <input_file_ref idref="fl-cf"/>
      </object_component>
      <object_component id="oc-1ee">
         <name>.debug_info</name>
         <load_address>0xfb5f</load_address>
         <run_address>0xfb5f</run_address>
         <size>0x4b3</size>
         <input_file_ref idref="fl-d0"/>
      </object_component>
      <object_component id="oc-172">
         <name>.debug_info</name>
         <load_address>0x10012</load_address>
         <run_address>0x10012</run_address>
         <size>0x1a6</size>
         <input_file_ref idref="fl-d0"/>
      </object_component>
      <object_component id="oc-229">
         <name>.debug_info</name>
         <load_address>0x101b8</load_address>
         <run_address>0x101b8</run_address>
         <size>0x39</size>
         <input_file_ref idref="fl-d0"/>
      </object_component>
      <object_component id="oc-23d">
         <name>.debug_info</name>
         <load_address>0x101f1</load_address>
         <run_address>0x101f1</run_address>
         <size>0x39</size>
         <input_file_ref idref="fl-d0"/>
      </object_component>
      <object_component id="oc-22e">
         <name>.debug_info</name>
         <load_address>0x1022a</load_address>
         <run_address>0x1022a</run_address>
         <size>0x39</size>
         <input_file_ref idref="fl-d0"/>
      </object_component>
      <object_component id="oc-233">
         <name>.debug_info</name>
         <load_address>0x10263</load_address>
         <run_address>0x10263</run_address>
         <size>0xcd</size>
         <input_file_ref idref="fl-d0"/>
      </object_component>
      <object_component id="oc-dc">
         <name>.debug_info</name>
         <load_address>0x10330</load_address>
         <run_address>0x10330</run_address>
         <size>0x153</size>
         <input_file_ref idref="fl-d1"/>
      </object_component>
      <object_component id="oc-168">
         <name>.debug_info</name>
         <load_address>0x10483</load_address>
         <run_address>0x10483</run_address>
         <size>0x122</size>
         <input_file_ref idref="fl-d3"/>
      </object_component>
      <object_component id="oc-278">
         <name>.debug_info</name>
         <load_address>0x105a5</load_address>
         <run_address>0x105a5</run_address>
         <size>0xb5</size>
      </object_component>
      <object_component id="oc-14d">
         <name>.debug_line</name>
         <load_address>0x0</load_address>
         <run_address>0x0</run_address>
         <size>0x1a1</size>
         <input_file_ref idref="fl-2"/>
      </object_component>
      <object_component id="oc-39">
         <name>.debug_line</name>
         <load_address>0x1a1</load_address>
         <run_address>0x1a1</run_address>
         <size>0xd8</size>
         <input_file_ref idref="fl-2"/>
      </object_component>
      <object_component id="oc-122">
         <name>.debug_line</name>
         <load_address>0x279</load_address>
         <run_address>0x279</run_address>
         <size>0x83</size>
         <input_file_ref idref="fl-2"/>
      </object_component>
      <object_component id="oc-be">
         <name>.debug_line</name>
         <load_address>0x2fc</load_address>
         <run_address>0x2fc</run_address>
         <size>0x6f</size>
         <input_file_ref idref="fl-2"/>
      </object_component>
      <object_component id="oc-12c">
         <name>.debug_line</name>
         <load_address>0x36b</load_address>
         <run_address>0x36b</run_address>
         <size>0x87</size>
         <input_file_ref idref="fl-2"/>
      </object_component>
      <object_component id="oc-151">
         <name>.debug_line</name>
         <load_address>0x3f2</load_address>
         <run_address>0x3f2</run_address>
         <size>0x84</size>
         <input_file_ref idref="fl-2"/>
      </object_component>
      <object_component id="oc-4a">
         <name>.debug_line</name>
         <load_address>0x476</load_address>
         <run_address>0x476</run_address>
         <size>0x20</size>
         <input_file_ref idref="fl-2"/>
      </object_component>
      <object_component id="oc-94">
         <name>.debug_line</name>
         <load_address>0x496</load_address>
         <run_address>0x496</run_address>
         <size>0x87</size>
         <input_file_ref idref="fl-2"/>
      </object_component>
      <object_component id="oc-131">
         <name>.debug_line</name>
         <load_address>0x51d</load_address>
         <run_address>0x51d</run_address>
         <size>0x73</size>
         <input_file_ref idref="fl-2"/>
      </object_component>
      <object_component id="oc-9e">
         <name>.debug_line</name>
         <load_address>0x590</load_address>
         <run_address>0x590</run_address>
         <size>0x70</size>
         <input_file_ref idref="fl-2"/>
      </object_component>
      <object_component id="oc-143">
         <name>.debug_line</name>
         <load_address>0x600</load_address>
         <run_address>0x600</run_address>
         <size>0x77</size>
         <input_file_ref idref="fl-2"/>
      </object_component>
      <object_component id="oc-11d">
         <name>.debug_line</name>
         <load_address>0x677</load_address>
         <run_address>0x677</run_address>
         <size>0x6b</size>
         <input_file_ref idref="fl-2"/>
      </object_component>
      <object_component id="oc-99">
         <name>.debug_line</name>
         <load_address>0x6e2</load_address>
         <run_address>0x6e2</run_address>
         <size>0x96</size>
         <input_file_ref idref="fl-2"/>
      </object_component>
      <object_component id="oc-127">
         <name>.debug_line</name>
         <load_address>0x778</load_address>
         <run_address>0x778</run_address>
         <size>0x83</size>
         <input_file_ref idref="fl-2"/>
      </object_component>
      <object_component id="oc-ba">
         <name>.debug_line</name>
         <load_address>0x7fb</load_address>
         <run_address>0x7fb</run_address>
         <size>0x41</size>
         <input_file_ref idref="fl-3"/>
      </object_component>
      <object_component id="oc-3f">
         <name>.debug_line</name>
         <load_address>0x83c</load_address>
         <run_address>0x83c</run_address>
         <size>0x41</size>
         <input_file_ref idref="fl-3"/>
      </object_component>
      <object_component id="oc-28">
         <name>.debug_line</name>
         <load_address>0x87d</load_address>
         <run_address>0x87d</run_address>
         <size>0xa1</size>
         <input_file_ref idref="fl-3"/>
      </object_component>
      <object_component id="oc-20c">
         <name>.debug_line</name>
         <load_address>0x91e</load_address>
         <run_address>0x91e</run_address>
         <size>0x1c3</size>
         <input_file_ref idref="fl-4"/>
      </object_component>
      <object_component id="oc-13d">
         <name>.debug_line</name>
         <load_address>0xae1</load_address>
         <run_address>0xae1</run_address>
         <size>0x6b</size>
         <input_file_ref idref="fl-4"/>
      </object_component>
      <object_component id="oc-1b6">
         <name>.debug_line</name>
         <load_address>0xb4c</load_address>
         <run_address>0xb4c</run_address>
         <size>0x87</size>
         <input_file_ref idref="fl-4"/>
      </object_component>
      <object_component id="oc-210">
         <name>.debug_line</name>
         <load_address>0xbd3</load_address>
         <run_address>0xbd3</run_address>
         <size>0x45</size>
         <input_file_ref idref="fl-4"/>
      </object_component>
      <object_component id="oc-215">
         <name>.debug_line</name>
         <load_address>0xc18</load_address>
         <run_address>0xc18</run_address>
         <size>0x8b</size>
         <input_file_ref idref="fl-4"/>
      </object_component>
      <object_component id="oc-1a7">
         <name>.debug_line</name>
         <load_address>0xca3</load_address>
         <run_address>0xca3</run_address>
         <size>0x85</size>
         <input_file_ref idref="fl-4"/>
      </object_component>
      <object_component id="oc-20a">
         <name>.debug_line</name>
         <load_address>0xd28</load_address>
         <run_address>0xd28</run_address>
         <size>0x20</size>
         <input_file_ref idref="fl-5"/>
      </object_component>
      <object_component id="oc-101">
         <name>.debug_line</name>
         <load_address>0xd48</load_address>
         <run_address>0xd48</run_address>
         <size>0xf0</size>
         <input_file_ref idref="fl-5"/>
      </object_component>
      <object_component id="oc-1cf">
         <name>.debug_line</name>
         <load_address>0xe38</load_address>
         <run_address>0xe38</run_address>
         <size>0x1c3</size>
         <input_file_ref idref="fl-6"/>
      </object_component>
      <object_component id="oc-a1">
         <name>.debug_line</name>
         <load_address>0xffb</load_address>
         <run_address>0xffb</run_address>
         <size>0x69c</size>
         <input_file_ref idref="fl-6"/>
      </object_component>
      <object_component id="oc-1d3">
         <name>.debug_line</name>
         <load_address>0x1697</load_address>
         <run_address>0x1697</run_address>
         <size>0x3e</size>
         <input_file_ref idref="fl-6"/>
      </object_component>
      <object_component id="oc-137">
         <name>.debug_line</name>
         <load_address>0x16d5</load_address>
         <run_address>0x16d5</run_address>
         <size>0x84</size>
         <input_file_ref idref="fl-6"/>
      </object_component>
      <object_component id="oc-1ac">
         <name>.debug_line</name>
         <load_address>0x1759</load_address>
         <run_address>0x1759</run_address>
         <size>0x74</size>
         <input_file_ref idref="fl-6"/>
      </object_component>
      <object_component id="oc-1a3">
         <name>.debug_line</name>
         <load_address>0x17cd</load_address>
         <run_address>0x17cd</run_address>
         <size>0x1ab</size>
         <input_file_ref idref="fl-7"/>
      </object_component>
      <object_component id="oc-ee">
         <name>.debug_line</name>
         <load_address>0x1978</load_address>
         <run_address>0x1978</run_address>
         <size>0x3e</size>
         <input_file_ref idref="fl-7"/>
      </object_component>
      <object_component id="oc-1c3">
         <name>.debug_line</name>
         <load_address>0x19b6</load_address>
         <run_address>0x19b6</run_address>
         <size>0x3e</size>
         <input_file_ref idref="fl-7"/>
      </object_component>
      <object_component id="oc-1cb">
         <name>.debug_line</name>
         <load_address>0x19f4</load_address>
         <run_address>0x19f4</run_address>
         <size>0x3e</size>
         <input_file_ref idref="fl-7"/>
      </object_component>
      <object_component id="oc-1cd">
         <name>.debug_line</name>
         <load_address>0x1a32</load_address>
         <run_address>0x1a32</run_address>
         <size>0x3e</size>
         <input_file_ref idref="fl-7"/>
      </object_component>
      <object_component id="oc-1c9">
         <name>.debug_line</name>
         <load_address>0x1a70</load_address>
         <run_address>0x1a70</run_address>
         <size>0x3e</size>
         <input_file_ref idref="fl-7"/>
      </object_component>
      <object_component id="oc-1c7">
         <name>.debug_line</name>
         <load_address>0x1aae</load_address>
         <run_address>0x1aae</run_address>
         <size>0x3e</size>
         <input_file_ref idref="fl-7"/>
      </object_component>
      <object_component id="oc-1c5">
         <name>.debug_line</name>
         <load_address>0x1aec</load_address>
         <run_address>0x1aec</run_address>
         <size>0x3e</size>
         <input_file_ref idref="fl-7"/>
      </object_component>
      <object_component id="oc-89">
         <name>.debug_line</name>
         <load_address>0x1b2a</load_address>
         <run_address>0x1b2a</run_address>
         <size>0x863</size>
         <input_file_ref idref="fl-7"/>
      </object_component>
      <object_component id="oc-f3">
         <name>.debug_line</name>
         <load_address>0x238d</load_address>
         <run_address>0x238d</run_address>
         <size>0x83</size>
         <input_file_ref idref="fl-7"/>
      </object_component>
      <object_component id="oc-1b1">
         <name>.debug_line</name>
         <load_address>0x2410</load_address>
         <run_address>0x2410</run_address>
         <size>0x3e</size>
         <input_file_ref idref="fl-7"/>
      </object_component>
      <object_component id="oc-119">
         <name>.debug_line</name>
         <load_address>0x244e</load_address>
         <run_address>0x244e</run_address>
         <size>0xb6</size>
         <input_file_ref idref="fl-9"/>
      </object_component>
      <object_component id="oc-f6">
         <name>.debug_line</name>
         <load_address>0x2504</load_address>
         <run_address>0x2504</run_address>
         <size>0x53</size>
         <input_file_ref idref="fl-9"/>
      </object_component>
      <object_component id="oc-117">
         <name>.debug_line</name>
         <load_address>0x2557</load_address>
         <run_address>0x2557</run_address>
         <size>0x53</size>
         <input_file_ref idref="fl-9"/>
      </object_component>
      <object_component id="oc-36">
         <name>.debug_line</name>
         <load_address>0x25aa</load_address>
         <run_address>0x25aa</run_address>
         <size>0x192</size>
         <input_file_ref idref="fl-9"/>
      </object_component>
      <object_component id="oc-31">
         <name>.debug_line</name>
         <load_address>0x273c</load_address>
         <run_address>0x273c</run_address>
         <size>0xe8</size>
         <input_file_ref idref="fl-a"/>
      </object_component>
      <object_component id="oc-208">
         <name>.debug_line</name>
         <load_address>0x2824</load_address>
         <run_address>0x2824</run_address>
         <size>0x83</size>
         <input_file_ref idref="fl-b"/>
      </object_component>
      <object_component id="oc-206">
         <name>.debug_line</name>
         <load_address>0x28a7</load_address>
         <run_address>0x28a7</run_address>
         <size>0x50</size>
         <input_file_ref idref="fl-b"/>
      </object_component>
      <object_component id="oc-204">
         <name>.debug_line</name>
         <load_address>0x28f7</load_address>
         <run_address>0x28f7</run_address>
         <size>0x50</size>
         <input_file_ref idref="fl-b"/>
      </object_component>
      <object_component id="oc-f8">
         <name>.debug_line</name>
         <load_address>0x2947</load_address>
         <run_address>0x2947</run_address>
         <size>0xd5</size>
         <input_file_ref idref="fl-b"/>
      </object_component>
      <object_component id="oc-ab">
         <name>.debug_line</name>
         <load_address>0x2a1c</load_address>
         <run_address>0x2a1c</run_address>
         <size>0x1c2</size>
         <input_file_ref idref="fl-c"/>
      </object_component>
      <object_component id="oc-1e2">
         <name>.debug_line</name>
         <load_address>0x2bde</load_address>
         <run_address>0x2bde</run_address>
         <size>0x20</size>
         <input_file_ref idref="fl-d"/>
      </object_component>
      <object_component id="oc-b0">
         <name>.debug_line</name>
         <load_address>0x2bfe</load_address>
         <run_address>0x2bfe</run_address>
         <size>0x11e</size>
         <input_file_ref idref="fl-d"/>
      </object_component>
      <object_component id="oc-50">
         <name>.debug_line</name>
         <load_address>0x2d1c</load_address>
         <run_address>0x2d1c</run_address>
         <size>0x88</size>
         <input_file_ref idref="fl-c7"/>
      </object_component>
      <object_component id="oc-d9">
         <name>.debug_line</name>
         <load_address>0x2da4</load_address>
         <run_address>0x2da4</run_address>
         <size>0x79</size>
         <input_file_ref idref="fl-c8"/>
      </object_component>
      <object_component id="oc-149">
         <name>.debug_line</name>
         <load_address>0x2e1d</load_address>
         <run_address>0x2e1d</run_address>
         <size>0x68</size>
         <input_file_ref idref="fl-c9"/>
      </object_component>
      <object_component id="oc-1dc">
         <name>.debug_line</name>
         <load_address>0x2e85</load_address>
         <run_address>0x2e85</run_address>
         <size>0x81</size>
         <input_file_ref idref="fl-ca"/>
      </object_component>
      <object_component id="oc-161">
         <name>.debug_line</name>
         <load_address>0x2f06</load_address>
         <run_address>0x2f06</run_address>
         <size>0x92</size>
         <input_file_ref idref="fl-cb"/>
      </object_component>
      <object_component id="oc-5f">
         <name>.debug_line</name>
         <load_address>0x2f98</load_address>
         <run_address>0x2f98</run_address>
         <size>0x53</size>
         <input_file_ref idref="fl-cb"/>
      </object_component>
      <object_component id="oc-d2">
         <name>.debug_line</name>
         <load_address>0x2feb</load_address>
         <run_address>0x2feb</run_address>
         <size>0x34</size>
         <input_file_ref idref="fl-cb"/>
      </object_component>
      <object_component id="oc-15e">
         <name>.debug_line</name>
         <load_address>0x301f</load_address>
         <run_address>0x301f</run_address>
         <size>0x92</size>
         <input_file_ref idref="fl-cb"/>
      </object_component>
      <object_component id="oc-cd">
         <name>.debug_line</name>
         <load_address>0x30b1</load_address>
         <run_address>0x30b1</run_address>
         <size>0x20</size>
         <input_file_ref idref="fl-cc"/>
      </object_component>
      <object_component id="oc-1f">
         <name>.debug_line</name>
         <load_address>0x30d1</load_address>
         <run_address>0x30d1</run_address>
         <size>0x55</size>
         <input_file_ref idref="fl-cc"/>
      </object_component>
      <object_component id="oc-55">
         <name>.debug_line</name>
         <load_address>0x3126</load_address>
         <run_address>0x3126</run_address>
         <size>0x3a</size>
         <input_file_ref idref="fl-cc"/>
      </object_component>
      <object_component id="oc-ca">
         <name>.debug_line</name>
         <load_address>0x3160</load_address>
         <run_address>0x3160</run_address>
         <size>0x92</size>
         <input_file_ref idref="fl-cc"/>
      </object_component>
      <object_component id="oc-15a">
         <name>.debug_line</name>
         <load_address>0x31f2</load_address>
         <run_address>0x31f2</run_address>
         <size>0x20</size>
         <input_file_ref idref="fl-cd"/>
      </object_component>
      <object_component id="oc-18">
         <name>.debug_line</name>
         <load_address>0x3212</load_address>
         <run_address>0x3212</run_address>
         <size>0xa9</size>
         <input_file_ref idref="fl-cd"/>
      </object_component>
      <object_component id="oc-45">
         <name>.debug_line</name>
         <load_address>0x32bb</load_address>
         <run_address>0x32bb</run_address>
         <size>0x3a</size>
         <input_file_ref idref="fl-cd"/>
      </object_component>
      <object_component id="oc-157">
         <name>.debug_line</name>
         <load_address>0x32f5</load_address>
         <run_address>0x32f5</run_address>
         <size>0x9a</size>
         <input_file_ref idref="fl-cd"/>
      </object_component>
      <object_component id="oc-c3">
         <name>.debug_line</name>
         <load_address>0x338f</load_address>
         <run_address>0x338f</run_address>
         <size>0x96</size>
         <input_file_ref idref="fl-cd"/>
      </object_component>
      <object_component id="oc-7d">
         <name>.debug_line</name>
         <load_address>0x3425</load_address>
         <run_address>0x3425</run_address>
         <size>0x33</size>
         <input_file_ref idref="fl-ce"/>
      </object_component>
      <object_component id="oc-6f">
         <name>.debug_line</name>
         <load_address>0x3458</load_address>
         <run_address>0x3458</run_address>
         <size>0x45</size>
         <input_file_ref idref="fl-ce"/>
      </object_component>
      <object_component id="oc-1da">
         <name>.debug_line</name>
         <load_address>0x349d</load_address>
         <run_address>0x349d</run_address>
         <size>0x37</size>
         <input_file_ref idref="fl-cf"/>
      </object_component>
      <object_component id="oc-228">
         <name>.debug_line</name>
         <load_address>0x34d4</load_address>
         <run_address>0x34d4</run_address>
         <size>0xbf</size>
         <input_file_ref idref="fl-d0"/>
      </object_component>
      <object_component id="oc-175">
         <name>.debug_line</name>
         <load_address>0x3593</load_address>
         <run_address>0x3593</run_address>
         <size>0x6f</size>
         <input_file_ref idref="fl-d0"/>
      </object_component>
      <object_component id="oc-22c">
         <name>.debug_line</name>
         <load_address>0x3602</load_address>
         <run_address>0x3602</run_address>
         <size>0x2e</size>
         <input_file_ref idref="fl-d0"/>
      </object_component>
      <object_component id="oc-240">
         <name>.debug_line</name>
         <load_address>0x3630</load_address>
         <run_address>0x3630</run_address>
         <size>0x9a</size>
         <input_file_ref idref="fl-d0"/>
      </object_component>
      <object_component id="oc-231">
         <name>.debug_line</name>
         <load_address>0x36ca</load_address>
         <run_address>0x36ca</run_address>
         <size>0x97</size>
         <input_file_ref idref="fl-d0"/>
      </object_component>
      <object_component id="oc-236">
         <name>.debug_line</name>
         <load_address>0x3761</load_address>
         <run_address>0x3761</run_address>
         <size>0x93</size>
         <input_file_ref idref="fl-d0"/>
      </object_component>
      <object_component id="oc-df">
         <name>.debug_line</name>
         <load_address>0x37f4</load_address>
         <run_address>0x37f4</run_address>
         <size>0x40</size>
         <input_file_ref idref="fl-d1"/>
      </object_component>
      <object_component id="oc-166">
         <name>.debug_line</name>
         <load_address>0x3834</load_address>
         <run_address>0x3834</run_address>
         <size>0x3c</size>
         <input_file_ref idref="fl-d3"/>
      </object_component>
      <object_component id="oc-3d">
         <name>.debug_frame</name>
         <load_address>0x0</load_address>
         <run_address>0x0</run_address>
         <size>0xc4</size>
         <input_file_ref idref="fl-2"/>
      </object_component>
      <object_component id="oc-2c">
         <name>.debug_frame</name>
         <load_address>0xc4</load_address>
         <run_address>0xc4</run_address>
         <size>0x90</size>
         <input_file_ref idref="fl-3"/>
      </object_component>
      <object_component id="oc-102">
         <name>.debug_frame</name>
         <load_address>0x154</load_address>
         <run_address>0x154</run_address>
         <size>0xb8</size>
         <input_file_ref idref="fl-5"/>
      </object_component>
      <object_component id="oc-a5">
         <name>.debug_frame</name>
         <load_address>0x20c</load_address>
         <run_address>0x20c</run_address>
         <size>0x2c8</size>
         <input_file_ref idref="fl-6"/>
      </object_component>
      <object_component id="oc-8a">
         <name>.debug_frame</name>
         <load_address>0x4d4</load_address>
         <run_address>0x4d4</run_address>
         <size>0x440</size>
         <input_file_ref idref="fl-7"/>
      </object_component>
      <object_component id="oc-37">
         <name>.debug_frame</name>
         <load_address>0x914</load_address>
         <run_address>0x914</run_address>
         <size>0x110</size>
         <input_file_ref idref="fl-9"/>
      </object_component>
      <object_component id="oc-fc">
         <name>.debug_frame</name>
         <load_address>0xa24</load_address>
         <run_address>0xa24</run_address>
         <size>0xa0</size>
         <input_file_ref idref="fl-b"/>
      </object_component>
      <object_component id="oc-a7">
         <name>.debug_frame</name>
         <load_address>0xac4</load_address>
         <run_address>0xac4</run_address>
         <size>0x158</size>
         <input_file_ref idref="fl-c"/>
      </object_component>
      <object_component id="oc-b1">
         <name>.debug_frame</name>
         <load_address>0xc1c</load_address>
         <run_address>0xc1c</run_address>
         <size>0xd4</size>
         <input_file_ref idref="fl-d"/>
      </object_component>
      <object_component id="oc-60">
         <name>.debug_frame</name>
         <load_address>0xcf0</load_address>
         <run_address>0xcf0</run_address>
         <size>0x54</size>
         <input_file_ref idref="fl-cb"/>
      </object_component>
      <object_component id="oc-20">
         <name>.debug_frame</name>
         <load_address>0xd44</load_address>
         <run_address>0xd44</run_address>
         <size>0x54</size>
         <input_file_ref idref="fl-cc"/>
      </object_component>
      <object_component id="oc-17">
         <name>.debug_frame</name>
         <load_address>0xd98</load_address>
         <run_address>0xd98</run_address>
         <size>0x60</size>
         <input_file_ref idref="fl-cd"/>
      </object_component>
      <object_component id="oc-6e">
         <name>.debug_frame</name>
         <load_address>0xdf8</load_address>
         <run_address>0xdf8</run_address>
         <size>0x50</size>
         <input_file_ref idref="fl-ce"/>
      </object_component>
      <object_component id="oc-171">
         <name>.debug_frame</name>
         <load_address>0xe48</load_address>
         <run_address>0xe48</run_address>
         <size>0x5c</size>
         <input_file_ref idref="fl-d0"/>
      </object_component>
      <object_component id="oc-e0">
         <name>.debug_frame</name>
         <load_address>0xea4</load_address>
         <run_address>0xea4</run_address>
         <size>0x54</size>
         <input_file_ref idref="fl-d1"/>
      </object_component>
      <object_component id="oc-165">
         <name>.debug_frame</name>
         <load_address>0xef8</load_address>
         <run_address>0xef8</run_address>
         <size>0x54</size>
         <input_file_ref idref="fl-d3"/>
      </object_component>
      <object_component id="oc-14c">
         <name>.debug_abbrev</name>
         <load_address>0x0</load_address>
         <run_address>0x0</run_address>
         <size>0x10a</size>
         <input_file_ref idref="fl-2"/>
      </object_component>
      <object_component id="oc-b8">
         <name>.debug_abbrev</name>
         <load_address>0x10a</load_address>
         <run_address>0x10a</run_address>
         <size>0xd4</size>
         <input_file_ref idref="fl-2"/>
      </object_component>
      <object_component id="oc-121">
         <name>.debug_abbrev</name>
         <load_address>0x1de</load_address>
         <run_address>0x1de</run_address>
         <size>0x9f</size>
         <input_file_ref idref="fl-2"/>
      </object_component>
      <object_component id="oc-bd">
         <name>.debug_abbrev</name>
         <load_address>0x27d</load_address>
         <run_address>0x27d</run_address>
         <size>0x69</size>
         <input_file_ref idref="fl-2"/>
      </object_component>
      <object_component id="oc-12b">
         <name>.debug_abbrev</name>
         <load_address>0x2e6</load_address>
         <run_address>0x2e6</run_address>
         <size>0x70</size>
         <input_file_ref idref="fl-2"/>
      </object_component>
      <object_component id="oc-150">
         <name>.debug_abbrev</name>
         <load_address>0x356</load_address>
         <run_address>0x356</run_address>
         <size>0x33</size>
         <input_file_ref idref="fl-2"/>
      </object_component>
      <object_component id="oc-49">
         <name>.debug_abbrev</name>
         <load_address>0x389</load_address>
         <run_address>0x389</run_address>
         <size>0x1f</size>
         <input_file_ref idref="fl-2"/>
      </object_component>
      <object_component id="oc-93">
         <name>.debug_abbrev</name>
         <load_address>0x3a8</load_address>
         <run_address>0x3a8</run_address>
         <size>0x24</size>
         <input_file_ref idref="fl-2"/>
      </object_component>
      <object_component id="oc-130">
         <name>.debug_abbrev</name>
         <load_address>0x3cc</load_address>
         <run_address>0x3cc</run_address>
         <size>0x5c</size>
         <input_file_ref idref="fl-2"/>
      </object_component>
      <object_component id="oc-9d">
         <name>.debug_abbrev</name>
         <load_address>0x428</load_address>
         <run_address>0x428</run_address>
         <size>0x24</size>
         <input_file_ref idref="fl-2"/>
      </object_component>
      <object_component id="oc-142">
         <name>.debug_abbrev</name>
         <load_address>0x44c</load_address>
         <run_address>0x44c</run_address>
         <size>0x35</size>
         <input_file_ref idref="fl-2"/>
      </object_component>
      <object_component id="oc-11c">
         <name>.debug_abbrev</name>
         <load_address>0x481</load_address>
         <run_address>0x481</run_address>
         <size>0x24</size>
         <input_file_ref idref="fl-2"/>
      </object_component>
      <object_component id="oc-98">
         <name>.debug_abbrev</name>
         <load_address>0x4a5</load_address>
         <run_address>0x4a5</run_address>
         <size>0x24</size>
         <input_file_ref idref="fl-2"/>
      </object_component>
      <object_component id="oc-126">
         <name>.debug_abbrev</name>
         <load_address>0x4c9</load_address>
         <run_address>0x4c9</run_address>
         <size>0x61</size>
         <input_file_ref idref="fl-2"/>
      </object_component>
      <object_component id="oc-b9">
         <name>.debug_abbrev</name>
         <load_address>0x52a</load_address>
         <run_address>0x52a</run_address>
         <size>0x7c</size>
         <input_file_ref idref="fl-3"/>
      </object_component>
      <object_component id="oc-3e">
         <name>.debug_abbrev</name>
         <load_address>0x5a6</load_address>
         <run_address>0x5a6</run_address>
         <size>0x29</size>
         <input_file_ref idref="fl-3"/>
      </object_component>
      <object_component id="oc-7e">
         <name>.debug_abbrev</name>
         <load_address>0x5cf</load_address>
         <run_address>0x5cf</run_address>
         <size>0x79</size>
         <input_file_ref idref="fl-3"/>
      </object_component>
      <object_component id="oc-20b">
         <name>.debug_abbrev</name>
         <load_address>0x648</load_address>
         <run_address>0x648</run_address>
         <size>0x111</size>
         <input_file_ref idref="fl-4"/>
      </object_component>
      <object_component id="oc-13c">
         <name>.debug_abbrev</name>
         <load_address>0x759</load_address>
         <run_address>0x759</run_address>
         <size>0x5a</size>
         <input_file_ref idref="fl-4"/>
      </object_component>
      <object_component id="oc-1b5">
         <name>.debug_abbrev</name>
         <load_address>0x7b3</load_address>
         <run_address>0x7b3</run_address>
         <size>0x70</size>
         <input_file_ref idref="fl-4"/>
      </object_component>
      <object_component id="oc-20f">
         <name>.debug_abbrev</name>
         <load_address>0x823</load_address>
         <run_address>0x823</run_address>
         <size>0x4b</size>
         <input_file_ref idref="fl-4"/>
      </object_component>
      <object_component id="oc-214">
         <name>.debug_abbrev</name>
         <load_address>0x86e</load_address>
         <run_address>0x86e</run_address>
         <size>0x24</size>
         <input_file_ref idref="fl-4"/>
      </object_component>
      <object_component id="oc-1a6">
         <name>.debug_abbrev</name>
         <load_address>0x892</load_address>
         <run_address>0x892</run_address>
         <size>0x33</size>
         <input_file_ref idref="fl-4"/>
      </object_component>
      <object_component id="oc-209">
         <name>.debug_abbrev</name>
         <load_address>0x8c5</load_address>
         <run_address>0x8c5</run_address>
         <size>0x88</size>
         <input_file_ref idref="fl-5"/>
      </object_component>
      <object_component id="oc-1c0">
         <name>.debug_abbrev</name>
         <load_address>0x94d</load_address>
         <run_address>0x94d</run_address>
         <size>0x9b</size>
         <input_file_ref idref="fl-5"/>
      </object_component>
      <object_component id="oc-1ce">
         <name>.debug_abbrev</name>
         <load_address>0x9e8</load_address>
         <run_address>0x9e8</run_address>
         <size>0x129</size>
         <input_file_ref idref="fl-6"/>
      </object_component>
      <object_component id="oc-133">
         <name>.debug_abbrev</name>
         <load_address>0xb11</load_address>
         <run_address>0xb11</run_address>
         <size>0x10c</size>
         <input_file_ref idref="fl-6"/>
      </object_component>
      <object_component id="oc-1d2">
         <name>.debug_abbrev</name>
         <load_address>0xc1d</load_address>
         <run_address>0xc1d</run_address>
         <size>0x70</size>
         <input_file_ref idref="fl-6"/>
      </object_component>
      <object_component id="oc-136">
         <name>.debug_abbrev</name>
         <load_address>0xc8d</load_address>
         <run_address>0xc8d</run_address>
         <size>0x24</size>
         <input_file_ref idref="fl-6"/>
      </object_component>
      <object_component id="oc-1ab">
         <name>.debug_abbrev</name>
         <load_address>0xcb1</load_address>
         <run_address>0xcb1</run_address>
         <size>0x33</size>
         <input_file_ref idref="fl-6"/>
      </object_component>
      <object_component id="oc-1a2">
         <name>.debug_abbrev</name>
         <load_address>0xce4</load_address>
         <run_address>0xce4</run_address>
         <size>0x11c</size>
         <input_file_ref idref="fl-7"/>
      </object_component>
      <object_component id="oc-ed">
         <name>.debug_abbrev</name>
         <load_address>0xe00</load_address>
         <run_address>0xe00</run_address>
         <size>0x3d</size>
         <input_file_ref idref="fl-7"/>
      </object_component>
      <object_component id="oc-1c2">
         <name>.debug_abbrev</name>
         <load_address>0xe3d</load_address>
         <run_address>0xe3d</run_address>
         <size>0x27</size>
         <input_file_ref idref="fl-7"/>
      </object_component>
      <object_component id="oc-1ca">
         <name>.debug_abbrev</name>
         <load_address>0xe64</load_address>
         <run_address>0xe64</run_address>
         <size>0x27</size>
         <input_file_ref idref="fl-7"/>
      </object_component>
      <object_component id="oc-1cc">
         <name>.debug_abbrev</name>
         <load_address>0xe8b</load_address>
         <run_address>0xe8b</run_address>
         <size>0x27</size>
         <input_file_ref idref="fl-7"/>
      </object_component>
      <object_component id="oc-1c8">
         <name>.debug_abbrev</name>
         <load_address>0xeb2</load_address>
         <run_address>0xeb2</run_address>
         <size>0x27</size>
         <input_file_ref idref="fl-7"/>
      </object_component>
      <object_component id="oc-1c6">
         <name>.debug_abbrev</name>
         <load_address>0xed9</load_address>
         <run_address>0xed9</run_address>
         <size>0x27</size>
         <input_file_ref idref="fl-7"/>
      </object_component>
      <object_component id="oc-1c4">
         <name>.debug_abbrev</name>
         <load_address>0xf00</load_address>
         <run_address>0xf00</run_address>
         <size>0x29</size>
         <input_file_ref idref="fl-7"/>
      </object_component>
      <object_component id="oc-115">
         <name>.debug_abbrev</name>
         <load_address>0xf29</load_address>
         <run_address>0xf29</run_address>
         <size>0xdf</size>
         <input_file_ref idref="fl-7"/>
      </object_component>
      <object_component id="oc-f2">
         <name>.debug_abbrev</name>
         <load_address>0x1008</load_address>
         <run_address>0x1008</run_address>
         <size>0x90</size>
         <input_file_ref idref="fl-7"/>
      </object_component>
      <object_component id="oc-1b0">
         <name>.debug_abbrev</name>
         <load_address>0x1098</load_address>
         <run_address>0x1098</run_address>
         <size>0x4b</size>
         <input_file_ref idref="fl-7"/>
      </object_component>
      <object_component id="oc-118">
         <name>.debug_abbrev</name>
         <load_address>0x10e3</load_address>
         <run_address>0x10e3</run_address>
         <size>0xb2</size>
         <input_file_ref idref="fl-9"/>
      </object_component>
      <object_component id="oc-f5">
         <name>.debug_abbrev</name>
         <load_address>0x1195</load_address>
         <run_address>0x1195</run_address>
         <size>0x3d</size>
         <input_file_ref idref="fl-9"/>
      </object_component>
      <object_component id="oc-116">
         <name>.debug_abbrev</name>
         <load_address>0x11d2</load_address>
         <run_address>0x11d2</run_address>
         <size>0x27</size>
         <input_file_ref idref="fl-9"/>
      </object_component>
      <object_component id="oc-8f">
         <name>.debug_abbrev</name>
         <load_address>0x11f9</load_address>
         <run_address>0x11f9</run_address>
         <size>0x10c</size>
         <input_file_ref idref="fl-9"/>
      </object_component>
      <object_component id="oc-8b">
         <name>.debug_abbrev</name>
         <load_address>0x1305</load_address>
         <run_address>0x1305</run_address>
         <size>0x75</size>
         <input_file_ref idref="fl-a"/>
      </object_component>
      <object_component id="oc-207">
         <name>.debug_abbrev</name>
         <load_address>0x137a</load_address>
         <run_address>0x137a</run_address>
         <size>0xbf</size>
         <input_file_ref idref="fl-b"/>
      </object_component>
      <object_component id="oc-205">
         <name>.debug_abbrev</name>
         <load_address>0x1439</load_address>
         <run_address>0x1439</run_address>
         <size>0x27</size>
         <input_file_ref idref="fl-b"/>
      </object_component>
      <object_component id="oc-203">
         <name>.debug_abbrev</name>
         <load_address>0x1460</load_address>
         <run_address>0x1460</run_address>
         <size>0x27</size>
         <input_file_ref idref="fl-b"/>
      </object_component>
      <object_component id="oc-1be">
         <name>.debug_abbrev</name>
         <load_address>0x1487</load_address>
         <run_address>0x1487</run_address>
         <size>0xa9</size>
         <input_file_ref idref="fl-b"/>
      </object_component>
      <object_component id="oc-13f">
         <name>.debug_abbrev</name>
         <load_address>0x1530</load_address>
         <run_address>0x1530</run_address>
         <size>0x7f</size>
         <input_file_ref idref="fl-c"/>
      </object_component>
      <object_component id="oc-1e1">
         <name>.debug_abbrev</name>
         <load_address>0x15af</load_address>
         <run_address>0x15af</run_address>
         <size>0x42</size>
         <input_file_ref idref="fl-d"/>
      </object_component>
      <object_component id="oc-14a">
         <name>.debug_abbrev</name>
         <load_address>0x15f1</load_address>
         <run_address>0x15f1</run_address>
         <size>0xd4</size>
         <input_file_ref idref="fl-d"/>
      </object_component>
      <object_component id="oc-c6">
         <name>.debug_abbrev</name>
         <load_address>0x16c5</load_address>
         <run_address>0x16c5</run_address>
         <size>0x3e</size>
         <input_file_ref idref="fl-c7"/>
      </object_component>
      <object_component id="oc-162">
         <name>.debug_abbrev</name>
         <load_address>0x1703</load_address>
         <run_address>0x1703</run_address>
         <size>0x4f</size>
         <input_file_ref idref="fl-c8"/>
      </object_component>
      <object_component id="oc-1e0">
         <name>.debug_abbrev</name>
         <load_address>0x1752</load_address>
         <run_address>0x1752</run_address>
         <size>0x4a</size>
         <input_file_ref idref="fl-c9"/>
      </object_component>
      <object_component id="oc-218">
         <name>.debug_abbrev</name>
         <load_address>0x179c</load_address>
         <run_address>0x179c</run_address>
         <size>0x4a</size>
         <input_file_ref idref="fl-ca"/>
      </object_component>
      <object_component id="oc-160">
         <name>.debug_abbrev</name>
         <load_address>0x17e6</load_address>
         <run_address>0x17e6</run_address>
         <size>0x5d</size>
         <input_file_ref idref="fl-cb"/>
      </object_component>
      <object_component id="oc-da">
         <name>.debug_abbrev</name>
         <load_address>0x1843</load_address>
         <run_address>0x1843</run_address>
         <size>0x74</size>
         <input_file_ref idref="fl-cb"/>
      </object_component>
      <object_component id="oc-d1">
         <name>.debug_abbrev</name>
         <load_address>0x18b7</load_address>
         <run_address>0x18b7</run_address>
         <size>0x24</size>
         <input_file_ref idref="fl-cb"/>
      </object_component>
      <object_component id="oc-15d">
         <name>.debug_abbrev</name>
         <load_address>0x18db</load_address>
         <run_address>0x18db</run_address>
         <size>0x24</size>
         <input_file_ref idref="fl-cb"/>
      </object_component>
      <object_component id="oc-cc">
         <name>.debug_abbrev</name>
         <load_address>0x18ff</load_address>
         <run_address>0x18ff</run_address>
         <size>0x37</size>
         <input_file_ref idref="fl-cc"/>
      </object_component>
      <object_component id="oc-51">
         <name>.debug_abbrev</name>
         <load_address>0x1936</load_address>
         <run_address>0x1936</run_address>
         <size>0x74</size>
         <input_file_ref idref="fl-cc"/>
      </object_component>
      <object_component id="oc-54">
         <name>.debug_abbrev</name>
         <load_address>0x19aa</load_address>
         <run_address>0x19aa</run_address>
         <size>0x24</size>
         <input_file_ref idref="fl-cc"/>
      </object_component>
      <object_component id="oc-c9">
         <name>.debug_abbrev</name>
         <load_address>0x19ce</load_address>
         <run_address>0x19ce</run_address>
         <size>0x24</size>
         <input_file_ref idref="fl-cc"/>
      </object_component>
      <object_component id="oc-159">
         <name>.debug_abbrev</name>
         <load_address>0x19f2</load_address>
         <run_address>0x19f2</run_address>
         <size>0x37</size>
         <input_file_ref idref="fl-cd"/>
      </object_component>
      <object_component id="oc-41">
         <name>.debug_abbrev</name>
         <load_address>0x1a29</load_address>
         <run_address>0x1a29</run_address>
         <size>0x6f</size>
         <input_file_ref idref="fl-cd"/>
      </object_component>
      <object_component id="oc-44">
         <name>.debug_abbrev</name>
[...]
         <value>0x200010b0</value>
      </symbol>
      <symbol id="sm-95">
         <name>GPIO_PORTF_Handler</name>
         <value>0x2ed1</value>
         <object_component_ref idref="oc-38"/>
      </symbol>
      <symbol id="sm-96">
         <name>vPeriodicTask</name>
         <value>0x2f29</value>
         <object_component_ref idref="oc-38"/>
      </symbol>
      <symbol id="sm-97">
         <name>main</name>
         <value>0x2e6d</value>
         <object_component_ref idref="oc-38"/>
      </symbol>
      <symbol id="sm-98">
         <name>vStringPrinterTask</name>
         <value>0x2f6f</value>
         <object_component_ref idref="oc-38"/>
      </symbol>
      <symbol id="sm-b4">
         <name>ResetISR</name>
         <value>0x35b7</value>
         <object_component_ref idref="oc-27"/>
      </symbol>
      <symbol id="sm-b5">
         <name>g_pfnVectors</name>
         <value>0x0</value>
         <object_component_ref idref="oc-12"/>
      </symbol>
      <symbol id="sm-e8">
         <name>uxListRemove</name>
         <value>0x30ab</value>
         <object_component_ref idref="oc-fd"/>
      </symbol>
      <symbol id="sm-e9">
         <name>vListInsert</name>
         <value>0x3045</value>
         <object_component_ref idref="oc-fd"/>
      </symbol>
      <symbol id="sm-ea">
         <name>vListInitialiseItem</name>
         <value>0x2ff9</value>
         <object_component_ref idref="oc-fd"/>
      </symbol>
      <symbol id="sm-eb">
         <name>vListInsertEnd</name>
         <value>0x3009</value>
         <object_component_ref idref="oc-fd"/>
      </symbol>
      <symbol id="sm-ec">
         <name>vListInitialise</name>
         <value>0x2fc9</value>
         <object_component_ref idref="oc-fd"/>
      </symbol>
      <symbol id="sm-1ea">
         <name>xQueuePeekFromISR</name>
         <value>0x2473</value>
         <object_component_ref idref="oc-a0"/>
      </symbol>
      <symbol id="sm-1eb">
         <name>xQueueIsQueueEmptyFromISR</name>
         <value>0x277f</value>
         <object_component_ref idref="oc-a0"/>
      </symbol>
      <symbol id="sm-1ec">
         <name>xQueueGenericSendFromISR</name>
         <value>0x1d2b</value>
         <object_component_ref idref="oc-a0"/>
      </symbol>
      <symbol id="sm-1ed">
         <name>uxQueueMessagesWaiting</name>
         <value>0x2525</value>
         <object_component_ref idref="oc-a0"/>
      </symbol>
      <symbol id="sm-1ee">
         <name>xQueueIsQueueFullFromISR</name>
         <value>0x27d9</value>
         <object_component_ref idref="oc-a0"/>
      </symbol>
      <symbol id="sm-1ef">
         <name>xQueueGenericCreate</name>
         <value>0x1add</value>
         <object_component_ref idref="oc-a0"/>
      </symbol>
      <symbol id="sm-1f0">
         <name>xQueueGenericSend</name>
         <value>0x1b99</value>
         <object_component_ref idref="oc-a0"/>
      </symbol>
      <symbol id="sm-1f1">
         <name>xQueueGenericReset</name>
         <value>0x19dd</value>
         <object_component_ref idref="oc-a0"/>
      </symbol>
      <symbol id="sm-1f2">
         <name>xQueueReceiveFromISR</name>
         <value>0x236d</value>
         <object_component_ref idref="oc-a0"/>
      </symbol>
      <symbol id="sm-1f3">
         <name>uxQueueSpacesAvailable</name>
         <value>0x254f</value>
         <object_component_ref idref="oc-a0"/>
      </symbol>
      <symbol id="sm-1f4">
         <name>xQueueSemaphoreTake</name>
         <value>0x20d3</value>
         <object_component_ref idref="oc-a0"/>
      </symbol>
      <symbol id="sm-1f5">
         <name>xQueueGiveFromISR</name>
         <value>0x1e63</value>
         <object_component_ref idref="oc-a0"/>
      </symbol>
      <symbol id="sm-1f6">
         <name>uxQueueMessagesWaitingFromISR</name>
         <value>0x2583</value>
         <object_component_ref idref="oc-a0"/>
      </symbol>
      <symbol id="sm-1f7">
         <name>vQueueDelete</name>
         <value>0x25ad</value>
         <object_component_ref idref="oc-a0"/>
      </symbol>
      <symbol id="sm-1f8">
         <name>xQueuePeek</name>
         <value>0x2215</value>
         <object_component_ref idref="oc-a0"/>
      </symbol>
      <symbol id="sm-1f9">
         <name>xQueueReceive</name>
         <value>0x1f81</value>
         <object_component_ref idref="oc-a0"/>
      </symbol>
      <symbol id="sm-3b8">
         <name>vTaskDelay</name>
         <value>0x593</value>
         <object_component_ref idref="oc-85"/>
      </symbol>
      <symbol id="sm-3b9">
         <name>vTaskSuspendAll</name>
         <value>0x66b</value>
         <object_component_ref idref="oc-85"/>
      </symbol>
      <symbol id="sm-3ba">
         <name>vTaskPlaceOnEventList</name>
         <value>0xb81</value>
         <object_component_ref idref="oc-85"/>
      </symbol>
      <symbol id="sm-3bb">
         <name>pcTaskGetName</name>
         <value>0x867</value>
         <object_component_ref idref="oc-85"/>
      </symbol>
      <symbol id="sm-3bc">
         <name>xTaskCheckForTimeOut</name>
         <value>0xf61</value>
         <object_component_ref idref="oc-85"/>
      </symbol>
      <symbol id="sm-3bd">
         <name>vTaskGenericNotifyGiveFromISR</name>
         <value>0x16dd</value>
         <object_component_ref idref="oc-85"/>
      </symbol>
      <symbol id="sm-3be">
         <name>vTaskRemoveFromUnorderedEventList</name>
         <value>0xdcd</value>
         <object_component_ref idref="oc-85"/>
      </symbol>
      <symbol id="sm-3bf">
         <name>vTaskStartScheduler</name>
         <value>0x5e5</value>
         <object_component_ref idref="oc-85"/>
      </symbol>
      <symbol id="sm-3c0">
         <name>vTaskInternalSetTimeOutState</name>
         <value>0xf3d</value>
         <object_component_ref idref="oc-85"/>
      </symbol>
      <symbol id="sm-3c1">
         <name>xTaskGenericNotifyStateClear</name>
         <value>0x188d</value>
         <object_component_ref idref="oc-85"/>
      </symbol>
      <symbol id="sm-3c2">
         <name>xTaskGenericNotify</name>
         <value>0x12a1</value>
         <object_component_ref idref="oc-85"/>
      </symbol>
      <symbol id="sm-3c3">
         <name>xTaskCreate</name>
         <value>0x26d</value>
         <object_component_ref idref="oc-85"/>
      </symbol>
      <symbol id="sm-3c4">
         <name>xTaskDelayUntil</name>
         <value>0x4b9</value>
         <object_component_ref idref="oc-85"/>
      </symbol>
      <symbol id="sm-3c5">
         <name>vTaskEndScheduler</name>
         <value>0x64f</value>
         <object_component_ref idref="oc-85"/>
      </symbol>
      <symbol id="sm-3c6">
         <name>vTaskMissedYield</name>
         <value>0x1001</value>
         <object_component_ref idref="oc-85"/>
      </symbol>
      <symbol id="sm-3c7">
         <name>uxTaskGetNumberOfTasks</name>
         <value>0x861</value>
         <object_component_ref idref="oc-85"/>
      </symbol>
      <symbol id="sm-3c8">
         <name>xTaskCatchUpTicks</name>
         <value>0x8ad</value>
         <object_component_ref idref="oc-85"/>
      </symbol>
      <symbol id="sm-3c9">
         <name>xTaskGenericNotifyFromISR</name>
         <value>0x1487</value>
         <object_component_ref idref="oc-85"/>
      </symbol>
      <symbol id="sm-3ca">
         <name>xTaskResumeAll</name>
         <value>0x699</value>
         <object_component_ref idref="oc-85"/>
      </symbol>
      <symbol id="sm-3cb">
         <name>xTaskGetTickCount</name>
         <value>0x83d</value>
         <object_component_ref idref="oc-85"/>
      </symbol>
      <symbol id="sm-3cc">
         <name>ulTaskGenericNotifyTake</name>
         <value>0x10e1</value>
         <object_component_ref idref="oc-85"/>
      </symbol>
      <symbol id="sm-3cd">
         <name>ulTaskGenericNotifyValueClear</name>
         <value>0x18f5</value>
         <object_component_ref idref="oc-85"/>
      </symbol>
      <symbol id="sm-3ce">
         <name>xTaskGenericNotifyWait</name>
         <value>0x11a1</value>
         <object_component_ref idref="oc-85"/>
      </symbol>
      <symbol id="sm-3cf">
         <name>pxCurrentTCB</name>
         <value>0x200012b8</value>
         <object_component_ref idref="oc-7f"/>
      </symbol>
      <symbol id="sm-3d0">
         <name>xTaskGetTickCountFromISR</name>
         <value>0x84d</value>
         <object_component_ref idref="oc-85"/>
      </symbol>
      <symbol id="sm-3d1">
         <name>uxTopUsedPriority</name>
         <value>0x3604</value>
         <object_component_ref idref="oc-106"/>
      </symbol>
      <symbol id="sm-3d2">
         <name>vTaskSetTimeOutState</name>
         <value>0xf0b</value>
         <object_component_ref idref="oc-85"/>
      </symbol>
      <symbol id="sm-3d3">
         <name>xTaskIncrementTick</name>
         <value>0x919</value>
         <object_component_ref idref="oc-85"/>
      </symbol>
      <symbol id="sm-3d4">
         <name>vTaskSwitchContext</name>
         <value>0xaf5</value>
         <object_component_ref idref="oc-85"/>
      </symbol>
      <symbol id="sm-3d5">
         <name>uxTaskResetEventItemValue</name>
         <value>0x10bf</value>
         <object_component_ref idref="oc-85"/>
      </symbol>
      <symbol id="sm-3d6">
         <name>xTaskGetCurrentTaskHandle</name>
         <value>0x10af</value>
         <object_component_ref idref="oc-85"/>
      </symbol>
      <symbol id="sm-3d7">
         <name>vTaskPlaceOnUnorderedEventList</name>
         <value>0xbc1</value>
         <object_component_ref idref="oc-85"/>
      </symbol>
      <symbol id="sm-3d8">
         <name>xTaskRemoveFromEventList</name>
         <value>0xc6d</value>
         <object_component_ref idref="oc-85"/>
      </symbol>
      <symbol id="sm-42a">
         <name>ulMaxSyscallInterruptPriority</name>
         <value>0x35fc</value>
         <object_component_ref idref="oc-82"/>
      </symbol>
      <symbol id="sm-42b">
         <name>vPortSetupTimerInterrupt</name>
         <value>0x2a11</value>
         <object_component_ref idref="oc-32"/>
      </symbol>
      <symbol id="sm-42c">
         <name>vPortEndScheduler</name>
         <value>0x2959</value>
         <object_component_ref idref="oc-32"/>
      </symbol>
      <symbol id="sm-42d">
         <name>xPortSysTickHandler</name>
         <value>0x29eb</value>
         <object_component_ref idref="oc-32"/>
      </symbol>
      <symbol id="sm-42e">
         <name>vPortValidateInterruptPriority</name>
         <value>0x2a2b</value>
         <object_component_ref idref="oc-32"/>
      </symbol>
      <symbol id="sm-42f">
         <name>pxPortInitialiseStack</name>
         <value>0x2815</value>
         <object_component_ref idref="oc-32"/>
      </symbol>
      <symbol id="sm-430">
         <name>vPortExitCritical</name>
         <value>0x29bf</value>
         <object_component_ref idref="oc-32"/>
      </symbol>
      <symbol id="sm-431">
         <name>xPortStartScheduler</name>
         <value>0x28a1</value>
         <object_component_ref idref="oc-32"/>
      </symbol>
      <symbol id="sm-432">
         <name>vPortEnterCritical</name>
         <value>0x297d</value>
         <object_component_ref idref="oc-32"/>
      </symbol>
      <symbol id="sm-441">
         <name>vPortStartFirstTask</name>
         <value>0x319d</value>
         <object_component_ref idref="oc-2d"/>
      </symbol>
      <symbol id="sm-442">
         <name>ulPortGetIPSR</name>
         <value>0x3105</value>
         <object_component_ref idref="oc-2d"/>
      </symbol>
      <symbol id="sm-443">
         <name>vPortEnableVFP</name>
         <value>0x31c1</value>
         <object_component_ref idref="oc-2d"/>
      </symbol>
      <symbol id="sm-444">
         <name>xPortPendSVHandler</name>
         <value>0x311d</value>
         <object_component_ref idref="oc-2d"/>
      </symbol>
      <symbol id="sm-445">
         <name>vPortSVCHandler</name>
         <value>0x317d</value>
         <object_component_ref idref="oc-2d"/>
      </symbol>
      <symbol id="sm-46f">
         <name>vPortInitialiseBlocks</name>
         <value>0x3281</value>
         <object_component_ref idref="oc-f7"/>
      </symbol>
      <symbol id="sm-470">
         <name>xPortGetFreeHeapSize</name>
         <value>0x3289</value>
         <object_component_ref idref="oc-f7"/>
      </symbol>
      <symbol id="sm-471">
         <name>pvPortMalloc</name>
         <value>0x31d1</value>
         <object_component_ref idref="oc-f7"/>
      </symbol>
      <symbol id="sm-472">
         <name>vPortFree</name>
         <value>0x325d</value>
         <object_component_ref idref="oc-f7"/>
      </symbol>
      <symbol id="sm-49e">
         <name>GPIO_SW1GetState</name>
         <value>0x2ba9</value>
         <object_component_ref idref="oc-a6"/>
      </symbol>
      <symbol id="sm-49f">
         <name>GPIO_GreenLedOn</name>
         <value>0x2b55</value>
         <object_component_ref idref="oc-a6"/>
      </symbol>
      <symbol id="sm-4a0">
         <name>GPIO_BlueLedToggle</name>
         <value>0x2b91</value>
         <object_component_ref idref="oc-a6"/>
      </symbol>
      <symbol id="sm-4a1">
         <name>GPIO_SW2GetState</name>
         <value>0x2bb3</value>
         <object_component_ref idref="oc-a6"/>
      </symbol>
      <symbol id="sm-4a2">
         <name>GPIO_SW2EdgeTriggeredInterruptInit</name>
         <value>0x2c0b</value>
         <object_component_ref idref="oc-a6"/>
      </symbol>
      <symbol id="sm-4a3">
         <name>GPIO_BuiltinButtonsLedsInit</name>
         <value>0x2ac9</value>
         <object_component_ref idref="oc-a6"/>
      </symbol>
      <symbol id="sm-4a4">
         <name>GPIO_RedLedToggle</name>
         <value>0x2b85</value>
         <object_component_ref idref="oc-a6"/>
      </symbol>
      <symbol id="sm-4a5">
         <name>GPIO_BlueLedOff</name>
         <value>0x2b6d</value>
         <object_component_ref idref="oc-a6"/>
      </symbol>
      <symbol id="sm-4a6">
         <name>GPIO_SW1EdgeTriggeredInterruptInit</name>
         <value>0x2bbd</value>
         <object_component_ref idref="oc-a6"/>
      </symbol>
      <symbol id="sm-4a7">
         <name>GPIO_GreenLedOff</name>
         <value>0x2b79</value>
         <object_component_ref idref="oc-a6"/>
      </symbol>
      <symbol id="sm-4a8">
         <name>GPIO_GreenLedToggle</name>
         <value>0x2b9d</value>
         <object_component_ref idref="oc-a6"/>
      </symbol>
      <symbol id="sm-4a9">
         <name>GPIO_RedLedOff</name>
         <value>0x2b61</value>
         <object_component_ref idref="oc-a6"/>
      </symbol>
      <symbol id="sm-4aa">
         <name>GPIO_BlueLedOn</name>
         <value>0x2b49</value>
         <object_component_ref idref="oc-a6"/>
      </symbol>
      <symbol id="sm-4ab">
         <name>GPIO_RedLedOn</name>
         <value>0x2b3d</value>
         <object_component_ref idref="oc-a6"/>
      </symbol>
      <symbol id="sm-4d9">
         <name>UART0_SendInteger</name>
         <value>0x2d8d</value>
         <object_component_ref idref="oc-ac"/>
      </symbol>
      <symbol id="sm-4da">
         <name>UART0_ReceiveByte</name>
         <value>0x2d57</value>
         <object_component_ref idref="oc-ac"/>
      </symbol>
      <symbol id="sm-4db">
         <name>UART0_SendByte</name>
         <value>0x2d3b</value>
         <object_component_ref idref="oc-ac"/>
      </symbol>
      <symbol id="sm-4dc">
         <name>UART0_Init</name>
         <value>0x2cfb</value>
         <object_component_ref idref="oc-ac"/>
      </symbol>
      <symbol id="sm-4dd">
         <name>UART0_SendString</name>
         <value>0x2d67</value>
         <object_component_ref idref="oc-ac"/>
      </symbol>
      <symbol id="sm-4f8">
         <name>memcpy</name>
         <value>0x32a1</value>
         <object_component_ref idref="oc-4c"/>
      </symbol>
      <symbol id="sm-4f9">
         <name>__aeabi_memcpy</name>
         <value>0x32a1</value>
         <object_component_ref idref="oc-4c"/>
      </symbol>
      <symbol id="sm-4fa">
         <name>__aeabi_memcpy8</name>
         <value>0x32a1</value>
         <object_component_ref idref="oc-4c"/>
      </symbol>
      <symbol id="sm-4fb">
         <name>__aeabi_memcpy4</name>
         <value>0x32a1</value>
         <object_component_ref idref="oc-4c"/>
      </symbol>
      <symbol id="sm-50a">
         <name>__aeabi_memset</name>
         <value>0x33d5</value>
         <object_component_ref idref="oc-d5"/>
      </symbol>
      <symbol id="sm-50b">
         <name>memset</name>
         <value>0x33db</value>
         <object_component_ref idref="oc-d5"/>
      </symbol>
      <symbol id="sm-50c">
         <name>__aeabi_memset8</name>
         <value>0x33d5</value>
         <object_component_ref idref="oc-d5"/>
      </symbol>
      <symbol id="sm-50d">
         <name>__aeabi_memset4</name>
         <value>0x33d5</value>
         <object_component_ref idref="oc-d5"/>
      </symbol>
      <symbol id="sm-50e">
         <name>__aeabi_memclr8</name>
         <value>0x33d3</value>
         <object_component_ref idref="oc-d5"/>
      </symbol>
      <symbol id="sm-50f">
         <name>__aeabi_memclr4</name>
         <value>0x33d3</value>
         <object_component_ref idref="oc-d5"/>
      </symbol>
      <symbol id="sm-510">
         <name>__aeabi_memclr</name>
         <value>0x33d3</value>
         <object_component_ref idref="oc-d5"/>
      </symbol>
      <symbol id="sm-51e">
         <name>__aeabi_ldivmod</name>
         <value>0x344d</value>
         <object_component_ref idref="oc-145"/>
      </symbol>
      <symbol id="sm-52b">
         <name>__aeabi_uldivmod</name>
         <value>0x333d</value>
         <object_component_ref idref="oc-1db"/>
      </symbol>
      <symbol id="sm-542">
         <name>__TI_zero_init</name>
         <value>0x35ab</value>
         <object_component_ref idref="oc-5e"/>
      </symbol>
      <symbol id="sm-559">
         <name>__TI_decompress_none</name>
         <value>0x359d</value>
         <object_component_ref idref="oc-1b"/>
      </symbol>
      <symbol id="sm-57c">
         <name>__TI_decompress_lzss</name>
         <value>0x34bb</value>
         <object_component_ref idref="oc-15"/>
      </symbol>
      <symbol id="sm-58f">
         <name>__stack</name>
         <value>0x200010b8</value>
         <object_component_ref idref="oc-24"/>
      </symbol>
      <symbol id="sm-590">
         <name>_c_int00_noargs</name>
         <value>0x3569</value>
         <object_component_ref idref="oc-6a"/>
      </symbol>
      <symbol id="sm-59a">
         <name>__aeabi_idiv0</name>
         <value>0x2813</value>
         <object_component_ref idref="oc-1d6"/>
      </symbol>
      <symbol id="sm-59b">
         <name>__aeabi_ldiv0</name>
         <value>0x2813</value>
         <object_component_ref idref="oc-1d6"/>
      </symbol>
      <symbol id="sm-5c3">
         <name>__TI_auto_init_nobinit_nopinit</name>
         <value>0x3525</value>
         <object_component_ref idref="oc-170"/>
      </symbol>
      <symbol id="sm-5cd">
         <name>_system_pre_init</name>
         <value>0x35c3</value>
         <object_component_ref idref="oc-db"/>
      </symbol>
      <symbol id="sm-5d9">
         <name>C$$EXIT</name>
         <value>0x35c7</value>
         <object_component_ref idref="oc-164"/>
      </symbol>
      <symbol id="sm-5da">
         <name>abort</name>
         <value>0x35c7</value>
         <object_component_ref idref="oc-164"/>
      </symbol>
      <symbol id="sm-5dd">
         <name>__TI_static_base__</name>
         <value>0x0</value>
      </symbol>
      <symbol id="sm-5e0">
         <name>__mpu_init</name>
         <value>0x0</value>
      </symbol>
      <symbol id="sm-5e1">
         <name>_system_post_cinit</name>
         <value>0x0</value>
      </symbol>
   </symbol_table>
   <title>Link successful</title>
</link_info>
