******************************************************************************
                  TI ARM Linker PC v20.2.7                     
******************************************************************************
>> Linked Tue May 14 22:16:17 2024

OUTPUT FILE NAME:   <PowerWindowControlSystemProject.out>
ENTRY POINT SYMBOL: "_c_int00_noargs"  address: 00004c9d


MEMORY CONFIGURATION

         name            origin    length      used     unused   attr    fill
----------------------  --------  ---------  --------  --------  ----  --------
  FLASH                 00000000   00040000  00004d70  0003b290  R  X
  SRAM                  20000000   00008000  00004387  00003c79  RW X


SEGMENT ALLOCATION MAP

run origin  load origin   length   init length attrs members
----------  ----------- ---------- ----------- ----- -------
00000000    00000000    00004d70   00004d70    r-x
  00000000    00000000    0000026c   0000026c    r-- .intvecs
  0000026c    0000026c    00004ab8   00004ab8    r-x .text
  00004d24    00004d24    0000000c   0000000c    r-- .const
  00004d30    00004d30    00000040   00000040    r-- .cinit
20000000    20000000    00004388   00000000    rw-
  20000000    20000000    0000413f   00000000    rw- .bss
  20004140    20004140    00000200   00000000    rw- .stack
  20004340    20004340    00000048   00000000    rw- .data


SECTION ALLOCATION MAP

 output                                  attributes/
section   page    origin      length       input sections
--------  ----  ----------  ----------   ----------------
.intvecs   0    00000000    0000026c     
                  00000000    0000026c     tm4c123gh6pm_startup_ccs.obj (.intvecs)

.text      0    0000026c    00004ab8     
                  0000026c    00002010     tasks.obj (.text)
                  0000227c    00000f1a     queue.obj (.text)
                  00003196    00000002     rtsv7M4_T_le_v4SPD16_eabi.lib : div0.asm.obj (.text)
                  00003198    000009f4     TasksImplementation.obj (.text)
                  00003b8c    0000053c     gpio.obj (.text)
                  000040c8    000002b4     port.obj (.text)
                  0000437c    0000028c     heap_2.obj (.text)
                  00004608    000001c8     uart0.obj (.text)
                  000047d0    0000012a     list.obj (.text)
                  000048fa    00000002     --HOLE-- [fill = 0]
                  000048fc    000000da     portasm.obj (.text)
                  000049d6    0000009c     rtsv7M4_T_le_v4SPD16_eabi.lib : memcpy_t2.asm.obj (.text)
                  00004a72    00000096                                   : ull_div_t2.asm.obj (.text)
                  00004b08    0000007a                                   : memset_t2.asm.obj (.text)
                  00004b82    0000006e                                   : ll_div_t2.asm.obj (.text)
                  00004bf0    00000068                                   : copy_decompress_lzss.c.obj (.text:decompress:lzss:__TI_decompress_lzss)
                  00004c58    00000044                                   : autoinit.c.obj (.text:__TI_auto_init_nobinit_nopinit:__TI_auto_init_nobinit_nopinit)
                  00004c9c    00000034                                   : boot_cortex_m.c.obj (.text:_c_int00_noargs:_c_int00_noargs)
                  00004cd0    00000018                                   : ll_mul_t2.asm.obj (.text)
                  00004ce8    0000000e                                   : copy_decompress_none.c.obj (.text:decompress:none:__TI_decompress_none)
                  00004cf6    0000000e     main.obj (.text)
                  00004d04    0000000c     rtsv7M4_T_le_v4SPD16_eabi.lib : copy_zero_init.c.obj (.text:decompress:ZI:__TI_zero_init)
                  00004d10    0000000c     tm4c123gh6pm_startup_ccs.obj (.text)
                  00004d1c    00000004     rtsv7M4_T_le_v4SPD16_eabi.lib : pre_init.c.obj (.text:_system_pre_init)
                  00004d20    00000004                                   : exit.c.obj (.text:abort:abort)

.const     0    00004d24    0000000c     
                  00004d24    00000008     port.obj (.const)
                  00004d2c    00000004     tasks.obj (.const)

.cinit     0    00004d30    00000040     
                  00004d30    00000016     (.cinit..data.load) [load image, compression = lzss]
                  00004d46    00000002     --HOLE-- [fill = 0]
                  00004d48    0000000c     (__TI_handler_table)
                  00004d54    00000004     --HOLE-- [fill = 0]
                  00004d58    00000008     (.cinit..bss.load) [load image, compression = zero_init]
                  00004d60    00000010     (__TI_cinit_table)

.init_array 
*          0    00000000    00000000     UNINITIALIZED

.bss       0    20000000    0000413f     UNINITIALIZED
                  20000000    00004000     heap_2.obj (.bss:ucHeap)
                  20004000    0000008c     tasks.obj (.bss:pxReadyTasksLists)
                  2000408c    00000014     tasks.obj (.bss:xDelayedTaskList1)
                  200040a0    00000014     tasks.obj (.bss:xDelayedTaskList2)
                  200040b4    00000014     tasks.obj (.bss:xPendingReadyList)
                  200040c8    00000014     tasks.obj (.bss:xSuspendedTaskList)
                  200040dc    00000014     tasks.obj (.bss:xTasksWaitingTermination)
                  200040f0    00000008     tasks.obj (.bss)
                  200040f8    00000008     heap_2.obj (.bss:xEnd)
                  20004100    00000008     heap_2.obj (.bss:xStart)
                  20004108    00000004     (.common:xBinarySemaphorJammingButton)
                  2000410c    00000004     (.common:xBinarySemaphoreWindowDOWN)
                  20004110    00000004     (.common:xBinarySemaphoreWindowUP)
                  20004114    00000004     (.common:xDriverTaskHandle)
                  20004118    00000004     (.common:xJammingButtonTaskHandle)
                  2000411c    00000004     (.common:xMutex)
                  20004120    00000004     (.common:xPassengerTaskHandle)
                  20004124    00000004     (.common:xQueueLOCK)
                  20004128    00000004     (.common:xQueueOnOff)
                  2000412c    00000004     (.common:xWindowDownTaskHandle)
                  20004130    00000004     (.common:xWindowLockTaskHandle)
                  20004134    00000004     (.common:xWindowUpTaskHandle)
                  20004138    00000001     (.common:gFlagLock)
                  20004139    00000001     (.common:gFlagWindowUpJamming)
                  2000413a    00000001     (.common:gJammingCondition)
                  2000413b    00000001     (.common:gLOCKvalueToSend)
                  2000413c    00000001     (.common:gONandOFFvalueToSend)
                  2000413d    00000001     (.common:gPassengerDown)
                  2000413e    00000001     (.common:gPassengerUp)

.data      0    20004340    00000048     UNINITIALIZED
                  20004340    00000034     tasks.obj (.data)
                  20004374    0000000c     port.obj (.data)
                  20004380    00000008     heap_2.obj (.data)

.stack     0    20004140    00000200     UNINITIALIZED
                  20004140    00000004     rtsv7M4_T_le_v4SPD16_eabi.lib : boot_cortex_m.c.obj (.stack)
                  20004144    000001fc     --HOLE--

__llvm_prf_cnts 
*          0    20000000    00000000     UNINITIALIZED

MODULE SUMMARY

       Module                         code    ro data   rw data
       ------                         ----    -------   -------
    .\
       tm4c123gh6pm_startup_ccs.obj   12      620       0      
       main.obj                       14      0         0      
    +--+------------------------------+-------+---------+---------+
       Total:                         26      620       0      
                                                               
    .\FreeRTOS\Source\
       tasks.obj                      8208    4         300    
       queue.obj                      3866    0         0      
       list.obj                       298     0         0      
    +--+------------------------------+-------+---------+---------+
       Total:                         12372   4         300    
                                                               
    .\FreeRTOS\Source\portable\CCS\ARM_CM4F\
       port.obj                       692     8         12     
       portasm.obj                    218     0         0      
    +--+------------------------------+-------+---------+---------+
       Total:                         910     8         12     
                                                               
    .\FreeRTOS\Source\portable\MemMang\
       heap_2.obj                     652     0         16408  
    +--+------------------------------+-------+---------+---------+
       Total:                         652     0         16408  
                                                               
    .\MCAL\GPIO\
       gpio.obj                       1340    0         0      
    +--+------------------------------+-------+---------+---------+
       Total:                         1340    0         0      
                                                               
    .\MCAL\UART\
       uart0.obj                      456     0         0      
    +--+------------------------------+-------+---------+---------+
       Total:                         456     0         0      
                                                               
    .\TasksImplmn\
       TasksImplementation.obj        2548    0         55     
    +--+------------------------------+-------+---------+---------+
       Total:                         2548    0         55     
                                                               
    C:\ti\ccs1250\ccs\tools\compiler\ti-cgt-arm_20.2.7.LTS\lib\rtsv7M4_T_le_v4SPD16_eabi.lib
       memcpy_t2.asm.obj              156     0         0      
       ull_div_t2.asm.obj             150     0         0      
       memset_t2.asm.obj              122     0         0      
       ll_div_t2.asm.obj              110     0         0      
       copy_decompress_lzss.c.obj     104     0         0      
       autoinit.c.obj                 68      0         0      
       boot_cortex_m.c.obj            52      0         0      
       ll_mul_t2.asm.obj              24      0         0      
       copy_decompress_none.c.obj     14      0         0      
       copy_zero_init.c.obj           12      0         0      
       exit.c.obj                     4       0         0      
       pre_init.c.obj                 4       0         0      
       div0.asm.obj                   2       0         0      
    +--+------------------------------+-------+---------+---------+
       Total:                         822     0         0      
                                                               
       Stack:                         0       0         512    
       Linker Generated:              0       58        0      
    +--+------------------------------+-------+---------+---------+
       Grand Total:                   19126   690       17287  


LINKER GENERATED COPY TABLES

__TI_cinit_table @ 00004d60 records: 2, size/record: 8, table size: 16
	.data: load addr=00004d30, load size=00000016 bytes, run addr=20004340, run size=00000048 bytes, compression=lzss
	.bss: load addr=00004d58, load size=00000008 bytes, run addr=20000000, run size=0000413f bytes, compression=zero_init


LINKER GENERATED HANDLER TABLE

__TI_handler_table @ 00004d48 records: 3, size/record: 4, table size: 12
	index: 0, handler: __TI_decompress_lzss
	index: 1, handler: __TI_decompress_none
	index: 2, handler: __TI_zero_init


GLOBAL SYMBOLS: SORTED ALPHABETICALLY BY Name 

address   name                               
-------   ----                               
00004d21  C$$EXIT                            
00003199  Delay_MS                           
00003eef  GPIO_BlueLedOff                    
00003ecb  GPIO_BlueLedOn                     
00003f13  GPIO_BlueLedToggle                 
00003b8d  GPIO_BuiltinButtonsLedsInit        
00003e83  GPIO_DriverDownButton_GetState     
00003c01  GPIO_DriverPassengerButtons_Init   
00003e79  GPIO_DriverUpButton_GetState       
00003efb  GPIO_GreenLedOff                   
00003ed7  GPIO_GreenLedOn                    
00003f1f  GPIO_GreenLedToggle                
00003d17  GPIO_JammingButtonInit             
00003eb5  GPIO_JammingSwitchUP_GetState      
00003cb7  GPIO_LimitSiwtchesButtons_Init     
00003eab  GPIO_LimitSwitchDOWN_GetState      
00003ea1  GPIO_LimitSwitchUP_GetState        
00003dc3  GPIO_LockButtonInit                
00003e6f  GPIO_LockButton_GetState           
00003c61  GPIO_Motor_Init                    
00003a7f  GPIO_PORTB_Handler                 
00003adb  GPIO_PORTE_Handler                 
00003a43  GPIO_PORTF_Handler                 
00003e97  GPIO_PassengerDownButton_GetState  
00003e8d  GPIO_PassengerUpButton_GetState    
00003ee3  GPIO_RedLedOff                     
00003ebf  GPIO_RedLedOn                      
00003f07  GPIO_RedLedToggle                  
00003f55  GPIO_SW1EdgeTriggeredInterruptInit 
00003f2b  GPIO_SW1GetState                   
00003fc9  GPIO_SW2EdgeTriggeredInterruptInit 
00003f35  GPIO_SW2GetState                   
00004d11  ResetISR                           
0000465f  UART0_Init                         
000046bb  UART0_ReceiveByte                  
0000469f  UART0_SendByte                     
000046f1  UART0_SendInteger                  
000046cb  UART0_SendString                   
20004340  __STACK_END                        
00000200  __STACK_SIZE                       
20004340  __STACK_TOP                        
00004d60  __TI_CINIT_Base                    
00004d70  __TI_CINIT_Limit                   
00004d48  __TI_Handler_Table_Base            
00004d54  __TI_Handler_Table_Limit           
00004c59  __TI_auto_init_nobinit_nopinit     
00004bf1  __TI_decompress_lzss               
00004ce9  __TI_decompress_none               
ffffffff  __TI_pprof_out_hndl                
ffffffff  __TI_prof_data_size                
ffffffff  __TI_prof_data_start               
00000000  __TI_static_base__                 
00004d05  __TI_zero_init                     
00003197  __aeabi_idiv0                      
00003197  __aeabi_ldiv0                      
00004b83  __aeabi_ldivmod                    
00004cd1  __aeabi_lmul                       
00004b09  __aeabi_memclr                     
00004b09  __aeabi_memclr4                    
00004b09  __aeabi_memclr8                    
000049d7  __aeabi_memcpy                     
000049d7  __aeabi_memcpy4                    
000049d7  __aeabi_memcpy8                    
00004b0b  __aeabi_memset                     
00004b0b  __aeabi_memset4                    
00004b0b  __aeabi_memset8                    
00004a73  __aeabi_uldivmod                   
ffffffff  __binit__                          
ffffffff  __c_args__                         
UNDEFED   __mpu_init                         
20004140  __stack                            
20000000  __start___llvm_prf_cnts            
20000000  __stop___llvm_prf_cnts             
00004c9d  _c_int00_noargs                    
UNDEFED   _system_post_cinit                 
00004d1d  _system_pre_init                   
00004d21  abort                              
ffffffff  binit                              
20004138  gFlagLock                          
20004139  gFlagWindowUpJamming               
2000413a  gJammingCondition                  
2000413b  gLOCKvalueToSend                   
2000413c  gONandOFFvalueToSend               
2000413d  gPassengerDown                     
2000413e  gPassengerUp                       
00000000  g_pfnVectors                       
00004cf7  main                               
000049d7  memcpy                             
00004b11  memset                             
00000c97  pcTaskGetName                      
000039e5  prvSetupHardware                   
00004569  pvPortCalloc                       
0000437d  pvPortMalloc                       
00001923  pvTaskIncrementMutexHeldCount      
20004340  pxCurrentTCB                       
000040c9  pxPortInitialiseStack              
00004d24  ulMaxSyscallInterruptPriority      
0000490d  ulPortGetIPSR                      
0000193b  ulTaskGenericNotifyTake            
0000213d  ulTaskGenericNotifyValueClear      
000048b3  uxListRemove                       
00002e6d  uxQueueMessagesWaiting             
00002ecb  uxQueueMessagesWaitingFromISR      
00002e97  uxQueueSpacesAvailable             
00000c91  uxTaskGetNumberOfTasks             
00001901  uxTaskResetEventItemValue          
00004d2c  uxTopUsedPriority                  
00004d03  vApplicationIdleHook               
00003505  vDriverTask                        
0000340d  vJammingButtonHandlerTask          
000047d1  vListInitialise                    
00004801  vListInitialiseItem                
0000484d  vListInsert                        
00004811  vListInsertEnd                     
0000323b  vMainCreations                     
000031d9  vMotorFunction                     
0000334f  vONandOFFHandlerTask               
00003583  vPassengerTask                     
000049c9  vPortEnableVFP                     
0000420d  vPortEndScheduler                  
00004231  vPortEnterCritical                 
00004273  vPortExitCritical                  
000044a3  vPortFree                          
00004567  vPortInitialiseBlocks              
00004985  vPortSVCHandler                    
000042c5  vPortSetupTimerInterrupt           
000049a5  vPortStartFirstTask                
000042df  vPortValidateInterruptPriority     
00002ef5  vQueueDelete                       
00000685  vTaskDelay                         
000004bf  vTaskDelete                        
00000a93  vTaskEndScheduler                  
00001f25  vTaskGenericNotifyGiveFromISR      
0000136d  vTaskInternalSetTimeOutState       
00001441  vTaskMissedYield                   
00000fad  vTaskPlaceOnEventList              
00000ff1  vTaskPlaceOnUnorderedEventList     
000017b5  vTaskPriorityDisinheritAfterTimeout
000011fd  vTaskRemoveFromUnorderedEventList  
00000849  vTaskResume                        
0000133b  vTaskSetTimeOutState               
00000a29  vTaskStartScheduler                
000006e9  vTaskSuspend                       
00000aaf  vTaskSuspendAll                    
00000f23  vTaskSwitchContext                 
0000386d  vWindowDownTask                    
0000348d  vWindowLockHandlerTask             
000036d9  vWindowUpTask                      
20004108  xBinarySemaphorJammingButton       
2000410c  xBinarySemaphoreWindowDOWN         
20004110  xBinarySemaphoreWindowUP           
20004114  xDriverTaskHandle                  
20004118  xJammingButtonTaskHandle           
2000411c  xMutex                             
20004120  xPassengerTaskHandle               
00004561  xPortGetFreeHeapSize               
00004925  xPortPendSVHandler                 
00004155  xPortStartScheduler                
0000429f  xPortSysTickHandler                
00002463  xQueueCreateMutex                  
0000237d  xQueueGenericCreate                
0000227d  xQueueGenericReset                 
0000248f  xQueueGenericSend                  
00002621  xQueueGenericSendFromISR           
00002759  xQueueGiveFromISR                  
00003103  xQueueIsQueueEmptyFromISR          
0000315d  xQueueIsQueueFullFromISR           
20004124  xQueueLOCK                         
20004128  xQueueOnOff                        
00002b5d  xQueuePeek                         
00002dbb  xQueuePeekFromISR                  
0000287d  xQueueReceive                      
00002cb5  xQueueReceiveFromISR               
000029cf  xQueueSemaphoreTake                
00000ce5  xTaskCatchUpTicks                  
00001395  xTaskCheckForTimeOut               
0000026d  xTaskCreate                        
00000593  xTaskDelayUntil                    
00001ae5  xTaskGenericNotify                 
00001cd1  xTaskGenericNotifyFromISR          
000020d5  xTaskGenericNotifyStateClear       
000019f9  xTaskGenericNotifyWait             
00001551  xTaskGetCurrentTaskHandle          
00000c69  xTaskGetTickCount                  
00000c79  xTaskGetTickCountFromISR           
00000d4d  xTaskIncrementTick                 
000016a1  xTaskPriorityDisinherit            
00001569  xTaskPriorityInherit               
0000109d  xTaskRemoveFromEventList           
00000ac1  xTaskResumeAll                     
00000921  xTaskResumeFromISR                 
2000412c  xWindowDownTaskHandle              
20004130  xWindowLockTaskHandle              
20004134  xWindowUpTaskHandle                


GLOBAL SYMBOLS: SORTED BY Symbol Address 

address   name                               
-------   ----                               
00000000  __TI_static_base__                 
00000000  g_pfnVectors                       
00000200  __STACK_SIZE                       
0000026d  xTaskCreate                        
000004bf  vTaskDelete                        
00000593  xTaskDelayUntil                    
00000685  vTaskDelay                         
000006e9  vTaskSuspend                       
00000849  vTaskResume                        
00000921  xTaskResumeFromISR                 
00000a29  vTaskStartScheduler                
00000a93  vTaskEndScheduler                  
00000aaf  vTaskSuspendAll                    
00000ac1  xTaskResumeAll                     
00000c69  xTaskGetTickCount                  
00000c79  xTaskGetTickCountFromISR           
00000c91  uxTaskGetNumberOfTasks             
00000c97  pcTaskGetName                      
00000ce5  xTaskCatchUpTicks                  
00000d4d  xTaskIncrementTick                 
00000f23  vTaskSwitchContext                 
00000fad  vTaskPlaceOnEventList              
00000ff1  vTaskPlaceOnUnorderedEventList     
0000109d  xTaskRemoveFromEventList           
000011fd  vTaskRemoveFromUnorderedEventList  
0000133b  vTaskSetTimeOutState               
0000136d  vTaskInternalSetTimeOutState       
00001395  xTaskCheckForTimeOut               
00001441  vTaskMissedYield                   
00001551  xTaskGetCurrentTaskHandle          
00001569  xTaskPriorityInherit               
000016a1  xTaskPriorityDisinherit            
000017b5  vTaskPriorityDisinheritAfterTimeout
00001901  uxTaskResetEventItemValue          
00001923  pvTaskIncrementMutexHeldCount      
0000193b  ulTaskGenericNotifyTake            
000019f9  xTaskGenericNotifyWait             
00001ae5  xTaskGenericNotify                 
00001cd1  xTaskGenericNotifyFromISR          
00001f25  vTaskGenericNotifyGiveFromISR      
000020d5  xTaskGenericNotifyStateClear       
0000213d  ulTaskGenericNotifyValueClear      
0000227d  xQueueGenericReset                 
0000237d  xQueueGenericCreate                
00002463  xQueueCreateMutex                  
0000248f  xQueueGenericSend                  
00002621  xQueueGenericSendFromISR           
00002759  xQueueGiveFromISR                  
0000287d  xQueueReceive                      
000029cf  xQueueSemaphoreTake                
00002b5d  xQueuePeek                         
00002cb5  xQueueReceiveFromISR               
00002dbb  xQueuePeekFromISR                  
00002e6d  uxQueueMessagesWaiting             
00002e97  uxQueueSpacesAvailable             
00002ecb  uxQueueMessagesWaitingFromISR      
00002ef5  vQueueDelete                       
00003103  xQueueIsQueueEmptyFromISR          
0000315d  xQueueIsQueueFullFromISR           
00003197  __aeabi_idiv0                      
00003197  __aeabi_ldiv0                      
00003199  Delay_MS                           
000031d9  vMotorFunction                     
0000323b  vMainCreations                     
0000334f  vONandOFFHandlerTask               
0000340d  vJammingButtonHandlerTask          
0000348d  vWindowLockHandlerTask             
00003505  vDriverTask                        
00003583  vPassengerTask                     
000036d9  vWindowUpTask                      
0000386d  vWindowDownTask                    
000039e5  prvSetupHardware                   
00003a43  GPIO_PORTF_Handler                 
00003a7f  GPIO_PORTB_Handler                 
00003adb  GPIO_PORTE_Handler                 
00003b8d  GPIO_BuiltinButtonsLedsInit        
00003c01  GPIO_DriverPassengerButtons_Init   
00003c61  GPIO_Motor_Init                    
00003cb7  GPIO_LimitSiwtchesButtons_Init     
00003d17  GPIO_JammingButtonInit             
00003dc3  GPIO_LockButtonInit                
00003e6f  GPIO_LockButton_GetState           
00003e79  GPIO_DriverUpButton_GetState       
00003e83  GPIO_DriverDownButton_GetState     
00003e8d  GPIO_PassengerUpButton_GetState    
00003e97  GPIO_PassengerDownButton_GetState  
00003ea1  GPIO_LimitSwitchUP_GetState        
00003eab  GPIO_LimitSwitchDOWN_GetState      
00003eb5  GPIO_JammingSwitchUP_GetState      
00003ebf  GPIO_RedLedOn                      
00003ecb  GPIO_BlueLedOn                     
00003ed7  GPIO_GreenLedOn                    
00003ee3  GPIO_RedLedOff                     
00003eef  GPIO_BlueLedOff                    
00003efb  GPIO_GreenLedOff                   
00003f07  GPIO_RedLedToggle                  
00003f13  GPIO_BlueLedToggle                 
00003f1f  GPIO_GreenLedToggle                
00003f2b  GPIO_SW1GetState                   
00003f35  GPIO_SW2GetState                   
00003f55  GPIO_SW1EdgeTriggeredInterruptInit 
00003fc9  GPIO_SW2EdgeTriggeredInterruptInit 
000040c9  pxPortInitialiseStack              
00004155  xPortStartScheduler                
0000420d  vPortEndScheduler                  
00004231  vPortEnterCritical                 
00004273  vPortExitCritical                  
0000429f  xPortSysTickHandler                
000042c5  vPortSetupTimerInterrupt           
000042df  vPortValidateInterruptPriority     
0000437d  pvPortMalloc                       
000044a3  vPortFree                          
00004561  xPortGetFreeHeapSize               
00004567  vPortInitialiseBlocks              
00004569  pvPortCalloc                       
0000465f  UART0_Init                         
0000469f  UART0_SendByte                     
000046bb  UART0_ReceiveByte                  
000046cb  UART0_SendString                   
000046f1  UART0_SendInteger                  
000047d1  vListInitialise                    
00004801  vListInitialiseItem                
00004811  vListInsertEnd                     
0000484d  vListInsert                        
000048b3  uxListRemove                       
0000490d  ulPortGetIPSR                      
00004925  xPortPendSVHandler                 
00004985  vPortSVCHandler                    
000049a5  vPortStartFirstTask                
000049c9  vPortEnableVFP                     
000049d7  __aeabi_memcpy                     
000049d7  __aeabi_memcpy4                    
000049d7  __aeabi_memcpy8                    
000049d7  memcpy                             
00004a73  __aeabi_uldivmod                   
00004b09  __aeabi_memclr                     
00004b09  __aeabi_memclr4                    
00004b09  __aeabi_memclr8                    
00004b0b  __aeabi_memset                     
00004b0b  __aeabi_memset4                    
00004b0b  __aeabi_memset8                    
00004b11  memset                             
00004b83  __aeabi_ldivmod                    
00004bf1  __TI_decompress_lzss               
00004c59  __TI_auto_init_nobinit_nopinit     
00004c9d  _c_int00_noargs                    
00004cd1  __aeabi_lmul                       
00004ce9  __TI_decompress_none               
00004cf7  main                               
00004d03  vApplicationIdleHook               
00004d05  __TI_zero_init                     
00004d11  ResetISR                           
00004d1d  _system_pre_init                   
00004d21  C$$EXIT                            
00004d21  abort                              
00004d24  ulMaxSyscallInterruptPriority      
00004d2c  uxTopUsedPriority                  
00004d48  __TI_Handler_Table_Base            
00004d54  __TI_Handler_Table_Limit           
00004d60  __TI_CINIT_Base                    
00004d70  __TI_CINIT_Limit                   
20000000  __start___llvm_prf_cnts            
20000000  __stop___llvm_prf_cnts             
20004108  xBinarySemaphorJammingButton       
2000410c  xBinarySemaphoreWindowDOWN         
20004110  xBinarySemaphoreWindowUP           
20004114  xDriverTaskHandle                  
20004118  xJammingButtonTaskHandle           
2000411c  xMutex                             
20004120  xPassengerTaskHandle               
20004124  xQueueLOCK                         
20004128  xQueueOnOff                        
2000412c  xWindowDownTaskHandle              
20004130  xWindowLockTaskHandle              
20004134  xWindowUpTaskHandle                
20004138  gFlagLock                          
20004139  gFlagWindowUpJamming               
2000413a  gJammingCondition                  
2000413b  gLOCKvalueToSend                   
2000413c  gONandOFFvalueToSend               
2000413d  gPassengerDown                     
2000413e  gPassengerUp                       
20004140  __stack                            
20004340  __STACK_END                        
20004340  __STACK_TOP                        
20004340  pxCurrentTCB                       
ffffffff  __TI_pprof_out_hndl                
ffffffff  __TI_prof_data_size                
ffffffff  __TI_prof_data_start               
ffffffff  __binit__                          
ffffffff  __c_args__                         
ffffffff  binit                              
UNDEFED   __mpu_init                         
UNDEFED   _system_post_cinit                 

[194 symbols]
